node.exe : 2026-04-18T16:59:32.953Z: Running command app function build
At C:\Users\Muhammad Osama\AppData\Roaming\npm\shopify.ps1:24 char:5
+     & "node$exe"  "$basedir/node_modules/@shopify/cli/bin/run.js" $ar ...
+     ~~~~~~~~~~~~~~~~~~~~~~~~~~~~~~~~~~~~~~~~~~~~~~~~~~~~~~~~~~~~~~~~~
    + CategoryInfo          : NotSpecified: (2026-04-18T16:5... function build:String) [ 
   ], RemoteException
    + FullyQualifiedErrorId : NativeCommandError
 
2026-04-18T16:59:32.973Z: Running system process:
  ┬╖ Command: C:\Program Files\nodejs\node.exe C:\Users\Muhammad 
Osama\AppData\Roaming\npm\node_modules\@shopify\cli\bin\run.js notifications list 
--ignore-errors
  ┬╖ Working directory: E:/practice/shopify/shop-test-app

2026-04-18T16:59:32.997Z: Notifications to show: 0
2026-04-18T16:59:33.066Z: Reading the content of file at 
shopify.app.smart-bundle-ai.toml...
2026-04-18T16:59:33.077Z: Reading the content of file at shopify.app.toml...
2026-04-18T16:59:33.117Z: Reading the content of file at 
extensions/smart-bundle-discount/shopify.extension.toml...
2026-04-18T16:59:33.135Z: Reading the content of file at shopify.web.toml...
2026-04-18T16:59:33.264Z: Running system process:
  ┬╖ Command: npm prefix
  ┬╖ Working directory: E:/practice/shopify/shop-test-app

2026-04-18T16:59:34.069Z: Obtaining the dependency manager in directory 
E:\practice\shopify\shop-test-app...
2026-04-18T16:59:34.072Z: Reading the content of file at package.json...
2026-04-18T16:59:34.074Z: Reading the content of file at package.json...
2026-04-18T16:59:34.076Z: Reading the content of file at .shopify/project.json...
2026-04-18T16:59:34.078Z: Reading cached app information for directory 
E:/practice/shopify/shop-test-app...
2026-04-18T16:59:34.082Z: Reading the content of file at .gitignore...
2026-04-18T16:59:34.104Z: Notifications to show: 0
2026-04-18T16:59:34.114Z: Reading the content of file at 
node_modules/@shopify/shopify_function/package.json...
ΓûüΓûüΓûéΓûéΓûâΓûâΓûäΓûäΓûàΓûàΓûåΓûåΓûçΓûçΓûêΓûêΓûçΓûçΓûåΓûåΓûàΓûàΓûäΓûäΓûâΓûâΓûéΓûéΓûüΓûüΓûüΓûüΓûéΓûéΓûâΓûâΓûäΓûäΓûàΓûàΓûåΓûåΓûçΓûçΓûêΓûêΓûçΓûçΓûåΓûåΓûàΓûàΓûäΓûäΓûâΓûâΓûéΓûéΓûüΓûüΓûüΓûüΓûéΓûéΓûâΓûâΓûäΓûäΓûàΓûàΓûåΓûåΓûçΓûçΓûêΓûêΓûçΓûçΓûåΓûå
ΓûàΓûàΓûäΓûäΓûâΓûâΓûéΓûéΓûüΓûü
Building GraphQL types ...
2026-04-18T16:59:34.371Z: Running system process:
  ┬╖ Command: npm exec -- graphql-code-generator --config package.json
  ┬╖ Working directory: 
E:/practice/shopify/shop-test-app/extensions/smart-bundle-discount

[2K[1A[2K[1A[2K[1A[2K[GΓûéΓûüΓûüΓûüΓûüΓûéΓûéΓûâΓûâΓûäΓûäΓûàΓûàΓûåΓûåΓûçΓûçΓûêΓûêΓûçΓûçΓûåΓûåΓûàΓûàΓûäΓûäΓûâΓûâΓûéΓûéΓûüΓûüΓûüΓûüΓûéΓûéΓûâΓûâΓûäΓûäΓûàΓûàΓûåΓûåΓûçΓûçΓûêΓûêΓûçΓûçΓûåΓûåΓûàΓûàΓûäΓûäΓûâΓûâΓûéΓûéΓûüΓûüΓûüΓûüΓûéΓûéΓûâΓûâΓûäΓûäΓûàΓûàΓûåΓûåΓûçΓûçΓûêΓûêΓûç
Building GraphQL types ...
[2K[1A[2K[1A[2K[GΓûâΓûéΓûéΓûüΓûüΓûüΓûüΓûéΓûéΓûâΓûâΓûäΓûäΓûàΓûàΓûåΓûåΓûçΓûçΓûêΓûêΓûçΓûçΓûåΓûåΓûàΓûàΓûäΓûäΓûâΓûâΓûéΓûéΓûüΓûüΓûüΓûüΓûéΓûéΓûâΓûâΓûäΓûäΓûàΓûàΓûåΓûåΓûçΓûçΓûêΓûêΓûçΓûçΓûåΓûåΓûàΓûàΓûäΓûäΓûâΓûâΓûéΓûéΓûüΓûüΓûüΓûüΓûéΓûéΓûâΓûâΓûäΓûäΓûàΓûàΓûåΓûåΓûçΓûçΓûê
Building GraphQL types ...
[2K[1A[2K[1A[2K[GΓûâΓûâΓûéΓûéΓûüΓûüΓûüΓûüΓûéΓûéΓûâΓûâΓûäΓûäΓûàΓûàΓûåΓûåΓûçΓûçΓûêΓûêΓûçΓûçΓûåΓûåΓûàΓûàΓûäΓûäΓûâΓûâΓûéΓûéΓûüΓûüΓûüΓûüΓûéΓûéΓûâΓûâΓûäΓûäΓûàΓûàΓûåΓûåΓûçΓûçΓûêΓûêΓûçΓûçΓûåΓûåΓûàΓûàΓûäΓûäΓûâΓûâΓûéΓûéΓûüΓûüΓûüΓûüΓûéΓûéΓûâΓûâΓûäΓûäΓûàΓûàΓûåΓûåΓûçΓûç
Building GraphQL types ...
[2K[1A[2K[1A[2K[GΓûäΓûäΓûâΓûâΓûéΓûéΓûüΓûüΓûüΓûüΓûéΓûéΓûâΓûâΓûäΓûäΓûàΓûàΓûåΓûåΓûçΓûçΓûêΓûêΓûçΓûçΓûåΓûåΓûàΓûàΓûäΓûäΓûâΓûâΓûéΓûéΓûüΓûüΓûüΓûüΓûéΓûéΓûâΓûâΓûäΓûäΓûàΓûàΓûåΓûåΓûçΓûçΓûêΓûêΓûçΓûçΓûåΓûåΓûàΓûàΓûäΓûäΓûâΓûâΓûéΓûéΓûüΓûüΓûüΓûüΓûéΓûéΓûâΓûâΓûäΓûäΓûàΓûàΓûåΓûå
Building GraphQL types ...
[2K[1A[2K[1A[2K[GΓûàΓûäΓûäΓûâΓûâΓûéΓûéΓûüΓûüΓûüΓûüΓûéΓûéΓûâΓûâΓûäΓûäΓûàΓûàΓûåΓûåΓûçΓûçΓûêΓûêΓûçΓûçΓûåΓûåΓûàΓûàΓûäΓûäΓûâΓûâΓûéΓûéΓûüΓûüΓûüΓûüΓûéΓûéΓûâΓûâΓûäΓûäΓûàΓûàΓûåΓûåΓûçΓûçΓûêΓûêΓûçΓûçΓûåΓûåΓûàΓûàΓûäΓûäΓûâΓûâΓûéΓûéΓûüΓûüΓûüΓûüΓûéΓûéΓûâΓûâΓûäΓûäΓûàΓûàΓûå
Building GraphQL types ...
[2K[1A[2K[1A[2K[GΓûàΓûàΓûäΓûäΓûâΓûâΓûéΓûéΓûüΓûüΓûüΓûüΓûéΓûéΓûâΓûâΓûäΓûäΓûàΓûàΓûåΓûåΓûçΓûçΓûêΓûêΓûçΓûçΓûåΓûåΓûàΓûàΓûäΓûäΓûâΓûâΓûéΓûéΓûüΓûüΓûüΓûüΓûéΓûéΓûâΓûâΓûäΓûäΓûàΓûàΓûåΓûåΓûçΓûçΓûêΓûêΓûçΓûçΓûåΓûåΓûàΓûàΓûäΓûäΓûâΓûâΓûéΓûéΓûüΓûüΓûüΓûüΓûéΓûéΓûâΓûâΓûäΓûäΓûàΓûà
Building GraphQL types ...
[2K[1A[2K[1A[2K[GΓûåΓûàΓûàΓûäΓûäΓûâΓûâΓûéΓûéΓûüΓûüΓûüΓûüΓûéΓûéΓûâΓûâΓûäΓûäΓûàΓûàΓûåΓûåΓûçΓûçΓûêΓûêΓûçΓûçΓûåΓûåΓûàΓûàΓûäΓûäΓûâΓûâΓûéΓûéΓûüΓûüΓûüΓûüΓûéΓûéΓûâΓûâΓûäΓûäΓûàΓûàΓûåΓûåΓûçΓûçΓûêΓûêΓûçΓûçΓûåΓûåΓûàΓûàΓûäΓûäΓûâΓûâΓûéΓûéΓûüΓûüΓûüΓûüΓûéΓûéΓûâΓûâΓûäΓûäΓûà
Building GraphQL types ...
[2K[1A[2K[1A[2K[GΓûåΓûåΓûàΓûàΓûäΓûäΓûâΓûâΓûéΓûéΓûüΓûüΓûüΓûüΓûéΓûéΓûâΓûâΓûäΓûäΓûàΓûàΓûåΓûåΓûçΓûçΓûêΓûêΓûçΓûçΓûåΓûåΓûàΓûàΓûäΓûäΓûâΓûâΓûéΓûéΓûüΓûüΓûüΓûüΓûéΓûéΓûâΓûâΓûäΓûäΓûàΓûàΓûåΓûåΓûçΓûçΓûêΓûêΓûçΓûçΓûåΓûåΓûàΓûàΓûäΓûäΓûâΓûâΓûéΓûéΓûüΓûüΓûüΓûüΓûéΓûéΓûâΓûâΓûäΓûä
Building GraphQL types ...
[2K[1A[2K[1A[2K[GΓûçΓûåΓûåΓûàΓûàΓûäΓûäΓûâΓûâΓûéΓûéΓûüΓûüΓûüΓûüΓûéΓûéΓûâΓûâΓûäΓûäΓûàΓûàΓûåΓûåΓûçΓûçΓûêΓûêΓûçΓûçΓûåΓûåΓûàΓûàΓûäΓûäΓûâΓûâΓûéΓûéΓûüΓûüΓûüΓûüΓûéΓûéΓûâΓûâΓûäΓûäΓûàΓûàΓûåΓûåΓûçΓûçΓûêΓûêΓûçΓûçΓûåΓûåΓûàΓûàΓûäΓûäΓûâΓûâΓûéΓûéΓûüΓûüΓûüΓûüΓûéΓûéΓûâΓûâΓûä
Building GraphQL types ...
[2K[1A[2K[1A[2K[GΓûçΓûçΓûåΓûåΓûàΓûàΓûäΓûäΓûâΓûâΓûéΓûéΓûüΓûüΓûüΓûüΓûéΓûéΓûâΓûâΓûäΓûäΓûàΓûàΓûåΓûåΓûçΓûçΓûêΓûêΓûçΓûçΓûåΓûåΓûàΓûàΓûäΓûäΓûâΓûâΓûéΓûéΓûüΓûüΓûüΓûüΓûéΓûéΓûâΓûâΓûäΓûäΓûàΓûàΓûåΓûåΓûçΓûçΓûêΓûêΓûçΓûçΓûåΓûåΓûàΓûàΓûäΓûäΓûâΓûâΓûéΓûéΓûüΓûüΓûüΓûüΓûéΓûéΓûâΓûâ
Building GraphQL types ...
[2K[1A[2K[1A[2K[GΓûêΓûçΓûçΓûåΓûåΓûàΓûàΓûäΓûäΓûâΓûâΓûéΓûéΓûüΓûüΓûüΓûüΓûéΓûéΓûâΓûâΓûäΓûäΓûàΓûàΓûåΓûåΓûçΓûçΓûêΓûêΓûçΓûçΓûåΓûåΓûàΓûàΓûäΓûäΓûâΓûâΓûéΓûéΓûüΓûüΓûüΓûüΓûéΓûéΓûâΓûâΓûäΓûäΓûàΓûàΓûåΓûåΓûçΓûçΓûêΓûêΓûçΓûçΓûåΓûåΓûàΓûàΓûäΓûäΓûâΓûâΓûéΓûéΓûüΓûüΓûüΓûüΓûéΓûéΓûâ
Building GraphQL types ...
[2K[1A[2K[1A[2K[GΓûêΓûêΓûçΓûçΓûåΓûåΓûàΓûàΓûäΓûäΓûâΓûâΓûéΓûéΓûüΓûüΓûüΓûüΓûéΓûéΓûâΓûâΓûäΓûäΓûàΓûàΓûåΓûåΓûçΓûçΓûêΓûêΓûçΓûçΓûåΓûåΓûàΓûàΓûäΓûäΓûâΓûâΓûéΓûéΓûüΓûüΓûüΓûüΓûéΓûéΓûâΓûâΓûäΓûäΓûàΓûàΓûåΓûåΓûçΓûçΓûêΓûêΓûçΓûçΓûåΓûåΓûàΓûàΓûäΓûäΓûâΓûâΓûéΓûéΓûüΓûüΓûüΓûüΓûéΓûé
Building GraphQL types ...
[2K[1A[2K[1A[2K[GΓûçΓûêΓûêΓûçΓûçΓûåΓûåΓûàΓûàΓûäΓûäΓûâΓûâΓûéΓûéΓûüΓûüΓûüΓûüΓûéΓûéΓûâΓûâΓûäΓûäΓûàΓûàΓûåΓûåΓûçΓûçΓûêΓûêΓûçΓûçΓûåΓûåΓûàΓûàΓûäΓûäΓûâΓûâΓûéΓûéΓûüΓûüΓûüΓûüΓûéΓûéΓûâΓûâΓûäΓûäΓûàΓûàΓûåΓûåΓûçΓûçΓûêΓûêΓûçΓûçΓûåΓûåΓûàΓûàΓûäΓûäΓûâΓûâΓûéΓûéΓûüΓûüΓûüΓûüΓûé
Building GraphQL types ...
[2K[1A[2K[1A[2K[GΓûçΓûçΓûêΓûêΓûçΓûçΓûåΓûåΓûàΓûàΓûäΓûäΓûâΓûâΓûéΓûéΓûüΓûüΓûüΓûüΓûéΓûéΓûâΓûâΓûäΓûäΓûàΓûàΓûåΓûåΓûçΓûçΓûêΓûêΓûçΓûçΓûåΓûåΓûàΓûàΓûäΓûäΓûâΓûâΓûéΓûéΓûüΓûüΓûüΓûüΓûéΓûéΓûâΓûâΓûäΓûäΓûàΓûàΓûåΓûåΓûçΓûçΓûêΓûêΓûçΓûçΓûåΓûåΓûàΓûàΓûäΓûäΓûâΓûâΓûéΓûéΓûüΓûüΓûüΓûü
Building GraphQL types ...
[2K[1A[2K[1A[2K[GΓûåΓûçΓûçΓûêΓûêΓûçΓûçΓûåΓûåΓûàΓûàΓûäΓûäΓûâΓûâΓûéΓûéΓûüΓûüΓûüΓûüΓûéΓûéΓûâΓûâΓûäΓûäΓûàΓûàΓûåΓûåΓûçΓûçΓûêΓûêΓûçΓûçΓûåΓûåΓûàΓûàΓûäΓûäΓûâΓûâΓûéΓûéΓûüΓûüΓûüΓûüΓûéΓûéΓûâΓûâΓûäΓûäΓûàΓûàΓûåΓûåΓûçΓûçΓûêΓûêΓûçΓûçΓûåΓûåΓûàΓûàΓûäΓûäΓûâΓûâΓûéΓûéΓûüΓûüΓûü
Building GraphQL types ...
[2K[1A[2K[1A[2K[GΓûåΓûåΓûçΓûçΓûêΓûêΓûçΓûçΓûåΓûåΓûàΓûàΓûäΓûäΓûâΓûâΓûéΓûéΓûüΓûüΓûüΓûüΓûéΓûéΓûâΓûâΓûäΓûäΓûàΓûàΓûåΓûåΓûçΓûçΓûêΓûêΓûçΓûçΓûåΓûåΓûàΓûàΓûäΓûäΓûâΓûâΓûéΓûéΓûüΓûüΓûüΓûüΓûéΓûéΓûâΓûâΓûäΓûäΓûàΓûàΓûåΓûåΓûçΓûçΓûêΓûêΓûçΓûçΓûåΓûåΓûàΓûàΓûäΓûäΓûâΓûâΓûéΓûéΓûüΓûü
Building GraphQL types ...
[2K[1A[2K[1A[2K[GΓûàΓûåΓûåΓûçΓûçΓûêΓûêΓûçΓûçΓûåΓûåΓûàΓûàΓûäΓûäΓûâΓûâΓûéΓûéΓûüΓûüΓûüΓûüΓûéΓûéΓûâΓûâΓûäΓûäΓûàΓûàΓûåΓûåΓûçΓûçΓûêΓûêΓûçΓûçΓûåΓûåΓûàΓûàΓûäΓûäΓûâΓûâΓûéΓûéΓûüΓûüΓûüΓûüΓûéΓûéΓûâΓûâΓûäΓûäΓûàΓûàΓûåΓûåΓûçΓûçΓûêΓûêΓûçΓûçΓûåΓûåΓûàΓûàΓûäΓûäΓûâΓûâΓûéΓûéΓûü
Building GraphQL types ...
[2K[1A[2K[1A[2K[GΓûàΓûàΓûåΓûåΓûçΓûçΓûêΓûêΓûçΓûçΓûåΓûåΓûàΓûàΓûäΓûäΓûâΓûâΓûéΓûéΓûüΓûüΓûüΓûüΓûéΓûéΓûâΓûâΓûäΓûäΓûàΓûàΓûåΓûåΓûçΓûçΓûêΓûêΓûçΓûçΓûåΓûåΓûàΓûàΓûäΓûäΓûâΓûâΓûéΓûéΓûüΓûüΓûüΓûüΓûéΓûéΓûâΓûâΓûäΓûäΓûàΓûàΓûåΓûåΓûçΓûçΓûêΓûêΓûçΓûçΓûåΓûåΓûàΓûàΓûäΓûäΓûâΓûâΓûéΓûé
Building GraphQL types ...
[2K[1A[2K[1A[2K[GΓûäΓûàΓûàΓûåΓûåΓûçΓûçΓûêΓûêΓûçΓûçΓûåΓûåΓûàΓûàΓûäΓûäΓûâΓûâΓûéΓûéΓûüΓûüΓûüΓûüΓûéΓûéΓûâΓûâΓûäΓûäΓûàΓûàΓûåΓûåΓûçΓûçΓûêΓûêΓûçΓûçΓûåΓûåΓûàΓûàΓûäΓûäΓûâΓûâΓûéΓûéΓûüΓûüΓûüΓûüΓûéΓûéΓûâΓûâΓûäΓûäΓûàΓûàΓûåΓûåΓûçΓûçΓûêΓûêΓûçΓûçΓûåΓûåΓûàΓûàΓûäΓûäΓûâΓûâΓûé
Building GraphQL types ...
[2K[1A[2K[1A[2K[GΓûäΓûäΓûàΓûàΓûåΓûåΓûçΓûçΓûêΓûêΓûçΓûçΓûåΓûåΓûàΓûàΓûäΓûäΓûâΓûâΓûéΓûéΓûüΓûüΓûüΓûüΓûéΓûéΓûâΓûâΓûäΓûäΓûàΓûàΓûåΓûåΓûçΓûçΓûêΓûêΓûçΓûçΓûåΓûåΓûàΓûàΓûäΓûäΓûâΓûâΓûéΓûéΓûüΓûüΓûüΓûüΓûéΓûéΓûâΓûâΓûäΓûäΓûàΓûàΓûåΓûåΓûçΓûçΓûêΓûêΓûçΓûçΓûåΓûåΓûàΓûàΓûäΓûäΓûâΓûâ
Building GraphQL types ...
[2K[1A[2K[1A[2K[GΓûâΓûäΓûäΓûàΓûàΓûåΓûåΓûçΓûçΓûêΓûêΓûçΓûçΓûåΓûåΓûàΓûàΓûäΓûäΓûâΓûâΓûéΓûéΓûüΓûüΓûüΓûüΓûéΓûéΓûâΓûâΓûäΓûäΓûàΓûàΓûåΓûåΓûçΓûçΓûêΓûêΓûçΓûçΓûåΓûåΓûàΓûàΓûäΓûäΓûâΓûâΓûéΓûéΓûüΓûüΓûüΓûüΓûéΓûéΓûâΓûâΓûäΓûäΓûàΓûàΓûåΓûåΓûçΓûçΓûêΓûêΓûçΓûçΓûåΓûåΓûàΓûàΓûäΓûäΓûâ
Building GraphQL types ...
[2K[1A[2K[1A[2K[GΓûâΓûâΓûäΓûäΓûàΓûàΓûåΓûåΓûçΓûçΓûêΓûêΓûçΓûçΓûåΓûåΓûàΓûàΓûäΓûäΓûâΓûâΓûéΓûéΓûüΓûüΓûüΓûüΓûéΓûéΓûâΓûâΓûäΓûäΓûàΓûàΓûåΓûåΓûçΓûçΓûêΓûêΓûçΓûçΓûåΓûåΓûàΓûàΓûäΓûäΓûâΓûâΓûéΓûéΓûüΓûüΓûüΓûüΓûéΓûéΓûâΓûâΓûäΓûäΓûàΓûàΓûåΓûåΓûçΓûçΓûêΓûêΓûçΓûçΓûåΓûåΓûàΓûàΓûäΓûä
Building GraphQL types ...
[2K[1A[2K[1A[2K[GΓûéΓûâΓûâΓûäΓûäΓûàΓûàΓûåΓûåΓûçΓûçΓûêΓûêΓûçΓûçΓûåΓûåΓûàΓûàΓûäΓûäΓûâΓûâΓûéΓûéΓûüΓûüΓûüΓûüΓûéΓûéΓûâΓûâΓûäΓûäΓûàΓûàΓûåΓûåΓûçΓûçΓûêΓûêΓûçΓûçΓûåΓûåΓûàΓûàΓûäΓûäΓûâΓûâΓûéΓûéΓûüΓûüΓûüΓûüΓûéΓûéΓûâΓûâΓûäΓûäΓûàΓûàΓûåΓûåΓûçΓûçΓûêΓûêΓûçΓûçΓûåΓûåΓûàΓûàΓûä
Building GraphQL types ...
[2K[1A[2K[1A[2K[GΓûéΓûéΓûâΓûâΓûäΓûäΓûàΓûàΓûåΓûåΓûçΓûçΓûêΓûêΓûçΓûçΓûåΓûåΓûàΓûàΓûäΓûäΓûâΓûâΓûéΓûéΓûüΓûüΓûüΓûüΓûéΓûéΓûâΓûâΓûäΓûäΓûàΓûàΓûåΓûåΓûçΓûçΓûêΓûêΓûçΓûçΓûåΓûåΓûàΓûàΓûäΓûäΓûâΓûâΓûéΓûéΓûüΓûüΓûüΓûüΓûéΓûéΓûâΓûâΓûäΓûäΓûàΓûàΓûåΓûåΓûçΓûçΓûêΓûêΓûçΓûçΓûåΓûåΓûàΓûà
Building GraphQL types ...
[2K[1A[2K[1A[2K[GΓûüΓûéΓûéΓûâΓûâΓûäΓûäΓûàΓûàΓûåΓûåΓûçΓûçΓûêΓûêΓûçΓûçΓûåΓûåΓûàΓûàΓûäΓûäΓûâΓûâΓûéΓûéΓûüΓûüΓûüΓûüΓûéΓûéΓûâΓûâΓûäΓûäΓûàΓûàΓûåΓûåΓûçΓûçΓûêΓûêΓûçΓûçΓûåΓûåΓûàΓûàΓûäΓûäΓûâΓûâΓûéΓûéΓûüΓûüΓûüΓûüΓûéΓûéΓûâΓûâΓûäΓûäΓûàΓûàΓûåΓûåΓûçΓûçΓûêΓûêΓûçΓûçΓûåΓûåΓûà
Building GraphQL types ...
[2K[1A[2K[1A[2K[GΓûüΓûüΓûéΓûéΓûâΓûâΓûäΓûäΓûàΓûàΓûåΓûåΓûçΓûçΓûêΓûêΓûçΓûçΓûåΓûåΓûàΓûàΓûäΓûäΓûâΓûâΓûéΓûéΓûüΓûüΓûüΓûüΓûéΓûéΓûâΓûâΓûäΓûäΓûàΓûàΓûåΓûåΓûçΓûçΓûêΓûêΓûçΓûçΓûåΓûåΓûàΓûàΓûäΓûäΓûâΓûâΓûéΓûéΓûüΓûüΓûüΓûüΓûéΓûéΓûâΓûâΓûäΓûäΓûàΓûàΓûåΓûåΓûçΓûçΓûêΓûêΓûçΓûçΓûåΓûå
Building GraphQL types ...
[2K[1A[2K[1A[2K[GΓûüΓûüΓûüΓûéΓûéΓûâΓûâΓûäΓûäΓûàΓûàΓûåΓûåΓûçΓûçΓûêΓûêΓûçΓûçΓûåΓûåΓûàΓûàΓûäΓûäΓûâΓûâΓûéΓûéΓûüΓûüΓûüΓûüΓûéΓûéΓûâΓûâΓûäΓûäΓûàΓûàΓûåΓûåΓûçΓûçΓûêΓûêΓûçΓûçΓûåΓûåΓûàΓûàΓûäΓûäΓûâΓûâΓûéΓûéΓûüΓûüΓûüΓûüΓûéΓûéΓûâΓûâΓûäΓûäΓûàΓûàΓûåΓûåΓûçΓûçΓûêΓûêΓûçΓûçΓûå
Building GraphQL types ...
[2K[1A[2K[1A[2K[GΓûüΓûüΓûüΓûüΓûéΓûéΓûâΓûâΓûäΓûäΓûàΓûàΓûåΓûåΓûçΓûçΓûêΓûêΓûçΓûçΓûåΓûåΓûàΓûàΓûäΓûäΓûâΓûâΓûéΓûéΓûüΓûüΓûüΓûüΓûéΓûéΓûâΓûâΓûäΓûäΓûàΓûàΓûåΓûåΓûçΓûçΓûêΓûêΓûçΓûçΓûåΓûåΓûàΓûàΓûäΓûäΓûâΓûâΓûéΓûéΓûüΓûüΓûüΓûüΓûéΓûéΓûâΓûâΓûäΓûäΓûàΓûàΓûåΓûåΓûçΓûçΓûêΓûêΓûçΓûç
Building GraphQL types ...
[2K[1A[2K[1A[2K[GΓûéΓûüΓûüΓûüΓûüΓûéΓûéΓûâΓûâΓûäΓûäΓûàΓûàΓûåΓûåΓûçΓûçΓûêΓûêΓûçΓûçΓûåΓûåΓûàΓûàΓûäΓûäΓûâΓûâΓûéΓûéΓûüΓûüΓûüΓûüΓûéΓûéΓûâΓûâΓûäΓûäΓûàΓûàΓûåΓûåΓûçΓûçΓûêΓûêΓûçΓûçΓûåΓûåΓûàΓûàΓûäΓûäΓûâΓûâΓûéΓûéΓûüΓûüΓûüΓûüΓûéΓûéΓûâΓûâΓûäΓûäΓûàΓûàΓûåΓûåΓûçΓûçΓûêΓûêΓûç
Building GraphQL types ...
[2K[1A[2K[1A[2K[GΓûéΓûéΓûüΓûüΓûüΓûüΓûéΓûéΓûâΓûâΓûäΓûäΓûàΓûàΓûåΓûåΓûçΓûçΓûêΓûêΓûçΓûçΓûåΓûåΓûàΓûàΓûäΓûäΓûâΓûâΓûéΓûéΓûüΓûüΓûüΓûüΓûéΓûéΓûâΓûâΓûäΓûäΓûàΓûàΓûåΓûåΓûçΓûçΓûêΓûêΓûçΓûçΓûåΓûåΓûàΓûàΓûäΓûäΓûâΓûâΓûéΓûéΓûüΓûüΓûüΓûüΓûéΓûéΓûâΓûâΓûäΓûäΓûàΓûàΓûåΓûåΓûçΓûçΓûêΓûê
Building GraphQL types ...
[2K[1A[2K[1A[2K[GΓûâΓûâΓûéΓûéΓûüΓûüΓûüΓûüΓûéΓûéΓûâΓûâΓûäΓûäΓûàΓûàΓûåΓûåΓûçΓûçΓûêΓûêΓûçΓûçΓûåΓûåΓûàΓûàΓûäΓûäΓûâΓûâΓûéΓûéΓûüΓûüΓûüΓûüΓûéΓûéΓûâΓûâΓûäΓûäΓûàΓûàΓûåΓûåΓûçΓûçΓûêΓûêΓûçΓûçΓûåΓûåΓûàΓûàΓûäΓûäΓûâΓûâΓûéΓûéΓûüΓûüΓûüΓûüΓûéΓûéΓûâΓûâΓûäΓûäΓûàΓûàΓûåΓûåΓûçΓûç
Building GraphQL types ...
[2K[1A[2K[1A[2K[GΓûäΓûâΓûâΓûéΓûéΓûüΓûüΓûüΓûüΓûéΓûéΓûâΓûâΓûäΓûäΓûàΓûàΓûåΓûåΓûçΓûçΓûêΓûêΓûçΓûçΓûåΓûåΓûàΓûàΓûäΓûäΓûâΓûâΓûéΓûéΓûüΓûüΓûüΓûüΓûéΓûéΓûâΓûâΓûäΓûäΓûàΓûàΓûåΓûåΓûçΓûçΓûêΓûêΓûçΓûçΓûåΓûåΓûàΓûàΓûäΓûäΓûâΓûâΓûéΓûéΓûüΓûüΓûüΓûüΓûéΓûéΓûâΓûâΓûäΓûäΓûàΓûàΓûåΓûåΓûç
Building GraphQL types ...
[2K[1A[2K[1A[2K[GΓûäΓûäΓûâΓûâΓûéΓûéΓûüΓûüΓûüΓûüΓûéΓûéΓûâΓûâΓûäΓûäΓûàΓûàΓûåΓûåΓûçΓûçΓûêΓûêΓûçΓûçΓûåΓûåΓûàΓûàΓûäΓûäΓûâΓûâΓûéΓûéΓûüΓûüΓûüΓûüΓûéΓûéΓûâΓûâΓûäΓûäΓûàΓûàΓûåΓûåΓûçΓûçΓûêΓûêΓûçΓûçΓûåΓûåΓûàΓûàΓûäΓûäΓûâΓûâΓûéΓûéΓûüΓûüΓûüΓûüΓûéΓûéΓûâΓûâΓûäΓûäΓûàΓûàΓûåΓûå
Building GraphQL types ...
[2K[1A[2K[1A[2K[GΓûàΓûäΓûäΓûâΓûâΓûéΓûéΓûüΓûüΓûüΓûüΓûéΓûéΓûâΓûâΓûäΓûäΓûàΓûàΓûåΓûåΓûçΓûçΓûêΓûêΓûçΓûçΓûåΓûåΓûàΓûàΓûäΓûäΓûâΓûâΓûéΓûéΓûüΓûüΓûüΓûüΓûéΓûéΓûâΓûâΓûäΓûäΓûàΓûàΓûåΓûåΓûçΓûçΓûêΓûêΓûçΓûçΓûåΓûåΓûàΓûàΓûäΓûäΓûâΓûâΓûéΓûéΓûüΓûüΓûüΓûüΓûéΓûéΓûâΓûâΓûäΓûäΓûàΓûàΓûå
Building GraphQL types ...
[2K[1A[2K[1A[2K[GΓûàΓûàΓûäΓûäΓûâΓûâΓûéΓûéΓûüΓûüΓûüΓûüΓûéΓûéΓûâΓûâΓûäΓûäΓûàΓûàΓûåΓûåΓûçΓûçΓûêΓûêΓûçΓûçΓûåΓûåΓûàΓûàΓûäΓûäΓûâΓûâΓûéΓûéΓûüΓûüΓûüΓûüΓûéΓûéΓûâΓûâΓûäΓûäΓûàΓûàΓûåΓûåΓûçΓûçΓûêΓûêΓûçΓûçΓûåΓûåΓûàΓûàΓûäΓûäΓûâΓûâΓûéΓûéΓûüΓûüΓûüΓûüΓûéΓûéΓûâΓûâΓûäΓûäΓûàΓûà
Building GraphQL types ...
[2K[1A[2K[1A[2K[GΓûåΓûàΓûàΓûäΓûäΓûâΓûâΓûéΓûéΓûüΓûüΓûüΓûüΓûéΓûéΓûâΓûâΓûäΓûäΓûàΓûàΓûåΓûåΓûçΓûçΓûêΓûêΓûçΓûçΓûåΓûåΓûàΓûàΓûäΓûäΓûâΓûâΓûéΓûéΓûüΓûüΓûüΓûüΓûéΓûéΓûâΓûâΓûäΓûäΓûàΓûàΓûåΓûåΓûçΓûçΓûêΓûêΓûçΓûçΓûåΓûåΓûàΓûàΓûäΓûäΓûâΓûâΓûéΓûéΓûüΓûüΓûüΓûüΓûéΓûéΓûâΓûâΓûäΓûäΓûà
Building GraphQL types ...
[2K[1A[2K[1A[2K[GΓûåΓûåΓûàΓûàΓûäΓûäΓûâΓûâΓûéΓûéΓûüΓûüΓûüΓûüΓûéΓûéΓûâΓûâΓûäΓûäΓûàΓûàΓûåΓûåΓûçΓûçΓûêΓûêΓûçΓûçΓûåΓûåΓûàΓûàΓûäΓûäΓûâΓûâΓûéΓûéΓûüΓûüΓûüΓûüΓûéΓûéΓûâΓûâΓûäΓûäΓûàΓûàΓûåΓûåΓûçΓûçΓûêΓûêΓûçΓûçΓûåΓûåΓûàΓûàΓûäΓûäΓûâΓûâΓûéΓûéΓûüΓûüΓûüΓûüΓûéΓûéΓûâΓûâΓûäΓûä
Building GraphQL types ...
[2K[1A[2K[1A[2K[GΓûçΓûåΓûåΓûàΓûàΓûäΓûäΓûâΓûâΓûéΓûéΓûüΓûüΓûüΓûüΓûéΓûéΓûâΓûâΓûäΓûäΓûàΓûàΓûåΓûåΓûçΓûçΓûêΓûêΓûçΓûçΓûåΓûåΓûàΓûàΓûäΓûäΓûâΓûâΓûéΓûéΓûüΓûüΓûüΓûüΓûéΓûéΓûâΓûâΓûäΓûäΓûàΓûàΓûåΓûåΓûçΓûçΓûêΓûêΓûçΓûçΓûåΓûåΓûàΓûàΓûäΓûäΓûâΓûâΓûéΓûéΓûüΓûüΓûüΓûüΓûéΓûéΓûâΓûâΓûä
Building GraphQL types ...
[2K[1A[2K[1A[2K[GΓûçΓûçΓûåΓûåΓûàΓûàΓûäΓûäΓûâΓûâΓûéΓûéΓûüΓûüΓûüΓûüΓûéΓûéΓûâΓûâΓûäΓûäΓûàΓûàΓûåΓûåΓûçΓûçΓûêΓûêΓûçΓûçΓûåΓûåΓûàΓûàΓûäΓûäΓûâΓûâΓûéΓûéΓûüΓûüΓûüΓûüΓûéΓûéΓûâΓûâΓûäΓûäΓûàΓûàΓûåΓûåΓûçΓûçΓûêΓûêΓûçΓûçΓûåΓûåΓûàΓûàΓûäΓûäΓûâΓûâΓûéΓûéΓûüΓûüΓûüΓûüΓûéΓûéΓûâΓûâ
Building GraphQL types ...
[2K[1A[2K[1A[2K[GΓûêΓûçΓûçΓûåΓûåΓûàΓûàΓûäΓûäΓûâΓûâΓûéΓûéΓûüΓûüΓûüΓûüΓûéΓûéΓûâΓûâΓûäΓûäΓûàΓûàΓûåΓûåΓûçΓûçΓûêΓûêΓûçΓûçΓûåΓûåΓûàΓûàΓûäΓûäΓûâΓûâΓûéΓûéΓûüΓûüΓûüΓûüΓûéΓûéΓûâΓûâΓûäΓûäΓûàΓûàΓûåΓûåΓûçΓûçΓûêΓûêΓûçΓûçΓûåΓûåΓûàΓûàΓûäΓûäΓûâΓûâΓûéΓûéΓûüΓûüΓûüΓûüΓûéΓûéΓûâ
Building GraphQL types ...
[2K[1A[2K[1A[2K[GΓûêΓûêΓûçΓûçΓûåΓûåΓûàΓûàΓûäΓûäΓûâΓûâΓûéΓûéΓûüΓûüΓûüΓûüΓûéΓûéΓûâΓûâΓûäΓûäΓûàΓûàΓûåΓûåΓûçΓûçΓûêΓûêΓûçΓûçΓûåΓûåΓûàΓûàΓûäΓûäΓûâΓûâΓûéΓûéΓûüΓûüΓûüΓûüΓûéΓûéΓûâΓûâΓûäΓûäΓûàΓûàΓûåΓûåΓûçΓûçΓûêΓûêΓûçΓûçΓûåΓûåΓûàΓûàΓûäΓûäΓûâΓûâΓûéΓûéΓûüΓûüΓûüΓûüΓûéΓûé
Building GraphQL types ...
[2K[1A[2K[1A[2K[GΓûçΓûêΓûêΓûçΓûçΓûåΓûåΓûàΓûàΓûäΓûäΓûâΓûâΓûéΓûéΓûüΓûüΓûüΓûüΓûéΓûéΓûâΓûâΓûäΓûäΓûàΓûàΓûåΓûåΓûçΓûçΓûêΓûêΓûçΓûçΓûåΓûåΓûàΓûàΓûäΓûäΓûâΓûâΓûéΓûéΓûüΓûüΓûüΓûüΓûéΓûéΓûâΓûâΓûäΓûäΓûàΓûàΓûåΓûåΓûçΓûçΓûêΓûêΓûçΓûçΓûåΓûåΓûàΓûàΓûäΓûäΓûâΓûâΓûéΓûéΓûüΓûüΓûüΓûüΓûé
Building GraphQL types ...
[2K[1A[2K[1A[2K[GΓûçΓûçΓûêΓûêΓûçΓûçΓûåΓûåΓûàΓûàΓûäΓûäΓûâΓûâΓûéΓûéΓûüΓûüΓûüΓûüΓûéΓûéΓûâΓûâΓûäΓûäΓûàΓûàΓûåΓûåΓûçΓûçΓûêΓûêΓûçΓûçΓûåΓûåΓûàΓûàΓûäΓûäΓûâΓûâΓûéΓûéΓûüΓûüΓûüΓûüΓûéΓûéΓûâΓûâΓûäΓûäΓûàΓûàΓûåΓûåΓûçΓûçΓûêΓûêΓûçΓûçΓûåΓûåΓûàΓûàΓûäΓûäΓûâΓûâΓûéΓûéΓûüΓûüΓûüΓûü
Building GraphQL types ...
[2K[1A[2K[1A[2K[GΓûåΓûçΓûçΓûêΓûêΓûçΓûçΓûåΓûåΓûàΓûàΓûäΓûäΓûâΓûâΓûéΓûéΓûüΓûüΓûüΓûüΓûéΓûéΓûâΓûâΓûäΓûäΓûàΓûàΓûåΓûåΓûçΓûçΓûêΓûêΓûçΓûçΓûåΓûåΓûàΓûàΓûäΓûäΓûâΓûâΓûéΓûéΓûüΓûüΓûüΓûüΓûéΓûéΓûâΓûâΓûäΓûäΓûàΓûàΓûåΓûåΓûçΓûçΓûêΓûêΓûçΓûçΓûåΓûåΓûàΓûàΓûäΓûäΓûâΓûâΓûéΓûéΓûüΓûüΓûü
Building GraphQL types ...
[2K[1A[2K[1A[2K[GΓûåΓûåΓûçΓûçΓûêΓûêΓûçΓûçΓûåΓûåΓûàΓûàΓûäΓûäΓûâΓûâΓûéΓûéΓûüΓûüΓûüΓûüΓûéΓûéΓûâΓûâΓûäΓûäΓûàΓûàΓûåΓûåΓûçΓûçΓûêΓûêΓûçΓûçΓûåΓûåΓûàΓûàΓûäΓûäΓûâΓûâΓûéΓûéΓûüΓûüΓûüΓûüΓûéΓûéΓûâΓûâΓûäΓûäΓûàΓûàΓûåΓûåΓûçΓûçΓûêΓûêΓûçΓûçΓûåΓûåΓûàΓûàΓûäΓûäΓûâΓûâΓûéΓûéΓûüΓûü
Building GraphQL types ...
[2K[1A[2K[1A[2K[GΓûàΓûåΓûåΓûçΓûçΓûêΓûêΓûçΓûçΓûåΓûåΓûàΓûàΓûäΓûäΓûâΓûâΓûéΓûéΓûüΓûüΓûüΓûüΓûéΓûéΓûâΓûâΓûäΓûäΓûàΓûàΓûåΓûåΓûçΓûçΓûêΓûêΓûçΓûçΓûåΓûåΓûàΓûàΓûäΓûäΓûâΓûâΓûéΓûéΓûüΓûüΓûüΓûüΓûéΓûéΓûâΓûâΓûäΓûäΓûàΓûàΓûåΓûåΓûçΓûçΓûêΓûêΓûçΓûçΓûåΓûåΓûàΓûàΓûäΓûäΓûâΓûâΓûéΓûéΓûü
Building GraphQL types ...
[2K[1A[2K[1A[2K[GΓûàΓûàΓûåΓûåΓûçΓûçΓûêΓûêΓûçΓûçΓûåΓûåΓûàΓûàΓûäΓûäΓûâΓûâΓûéΓûéΓûüΓûüΓûüΓûüΓûéΓûéΓûâΓûâΓûäΓûäΓûàΓûàΓûåΓûåΓûçΓûçΓûêΓûêΓûçΓûçΓûåΓûåΓûàΓûàΓûäΓûäΓûâΓûâΓûéΓûéΓûüΓûüΓûüΓûüΓûéΓûéΓûâΓûâΓûäΓûäΓûàΓûàΓûåΓûåΓûçΓûçΓûêΓûêΓûçΓûçΓûåΓûåΓûàΓûàΓûäΓûäΓûâΓûâΓûéΓûé
Building GraphQL types ...
[2K[1A[2K[1A[2K[GΓûäΓûàΓûàΓûåΓûåΓûçΓûçΓûêΓûêΓûçΓûçΓûåΓûåΓûàΓûàΓûäΓûäΓûâΓûâΓûéΓûéΓûüΓûüΓûüΓûüΓûéΓûéΓûâΓûâΓûäΓûäΓûàΓûàΓûåΓûåΓûçΓûçΓûêΓûêΓûçΓûçΓûåΓûåΓûàΓûàΓûäΓûäΓûâΓûâΓûéΓûéΓûüΓûüΓûüΓûüΓûéΓûéΓûâΓûâΓûäΓûäΓûàΓûàΓûåΓûåΓûçΓûçΓûêΓûêΓûçΓûçΓûåΓûåΓûàΓûàΓûäΓûäΓûâΓûâΓûé
Building GraphQL types ...
[2K[1A[2K[1A[2K[GΓûäΓûäΓûàΓûàΓûåΓûåΓûçΓûçΓûêΓûêΓûçΓûçΓûåΓûåΓûàΓûàΓûäΓûäΓûâΓûâΓûéΓûéΓûüΓûüΓûüΓûüΓûéΓûéΓûâΓûâΓûäΓûäΓûàΓûàΓûåΓûåΓûçΓûçΓûêΓûêΓûçΓûçΓûåΓûåΓûàΓûàΓûäΓûäΓûâΓûâΓûéΓûéΓûüΓûüΓûüΓûüΓûéΓûéΓûâΓûâΓûäΓûäΓûàΓûàΓûåΓûåΓûçΓûçΓûêΓûêΓûçΓûçΓûåΓûåΓûàΓûàΓûäΓûäΓûâΓûâ
Building GraphQL types ...
[2K[1A[2K[1A[2K[GΓûâΓûäΓûäΓûàΓûàΓûåΓûåΓûçΓûçΓûêΓûêΓûçΓûçΓûåΓûåΓûàΓûàΓûäΓûäΓûâΓûâΓûéΓûéΓûüΓûüΓûüΓûüΓûéΓûéΓûâΓûâΓûäΓûäΓûàΓûàΓûåΓûåΓûçΓûçΓûêΓûêΓûçΓûçΓûåΓûåΓûàΓûàΓûäΓûäΓûâΓûâΓûéΓûéΓûüΓûüΓûüΓûüΓûéΓûéΓûâΓûâΓûäΓûäΓûàΓûàΓûåΓûåΓûçΓûçΓûêΓûêΓûçΓûçΓûåΓûåΓûàΓûàΓûäΓûäΓûâ
Building GraphQL types ...
[2K[1A[2K[1A[2K[GΓûâΓûâΓûäΓûäΓûàΓûàΓûåΓûåΓûçΓûçΓûêΓûêΓûçΓûçΓûåΓûåΓûàΓûàΓûäΓûäΓûâΓûâΓûéΓûéΓûüΓûüΓûüΓûüΓûéΓûéΓûâΓûâΓûäΓûäΓûàΓûàΓûåΓûåΓûçΓûçΓûêΓûêΓûçΓûçΓûåΓûåΓûàΓûàΓûäΓûäΓûâΓûâΓûéΓûéΓûüΓûüΓûüΓûüΓûéΓûéΓûâΓûâΓûäΓûäΓûàΓûàΓûåΓûåΓûçΓûçΓûêΓûêΓûçΓûçΓûåΓûåΓûàΓûàΓûäΓûä
Building GraphQL types ...
[2K[1A[2K[1A[2K[GΓûéΓûâΓûâΓûäΓûäΓûàΓûàΓûåΓûåΓûçΓûçΓûêΓûêΓûçΓûçΓûåΓûåΓûàΓûàΓûäΓûäΓûâΓûâΓûéΓûéΓûüΓûüΓûüΓûüΓûéΓûéΓûâΓûâΓûäΓûäΓûàΓûàΓûåΓûåΓûçΓûçΓûêΓûêΓûçΓûçΓûåΓûåΓûàΓûàΓûäΓûäΓûâΓûâΓûéΓûéΓûüΓûüΓûüΓûüΓûéΓûéΓûâΓûâΓûäΓûäΓûàΓûàΓûåΓûåΓûçΓûçΓûêΓûêΓûçΓûçΓûåΓûåΓûàΓûàΓûä
Building GraphQL types ...
[2K[1A[2K[1A[2K[GΓûéΓûéΓûâΓûâΓûäΓûäΓûàΓûàΓûåΓûåΓûçΓûçΓûêΓûêΓûçΓûçΓûåΓûåΓûàΓûàΓûäΓûäΓûâΓûâΓûéΓûéΓûüΓûüΓûüΓûüΓûéΓûéΓûâΓûâΓûäΓûäΓûàΓûàΓûåΓûåΓûçΓûçΓûêΓûêΓûçΓûçΓûåΓûåΓûàΓûàΓûäΓûäΓûâΓûâΓûéΓûéΓûüΓûüΓûüΓûüΓûéΓûéΓûâΓûâΓûäΓûäΓûàΓûàΓûåΓûåΓûçΓûçΓûêΓûêΓûçΓûçΓûåΓûåΓûàΓûà
Building GraphQL types ...
[2K[1A[2K[1A[2K[GΓûüΓûéΓûéΓûâΓûâΓûäΓûäΓûàΓûàΓûåΓûåΓûçΓûçΓûêΓûêΓûçΓûçΓûåΓûåΓûàΓûàΓûäΓûäΓûâΓûâΓûéΓûéΓûüΓûüΓûüΓûüΓûéΓûéΓûâΓûâΓûäΓûäΓûàΓûàΓûåΓûåΓûçΓûçΓûêΓûêΓûçΓûçΓûåΓûåΓûàΓûàΓûäΓûäΓûâΓûâΓûéΓûéΓûüΓûüΓûüΓûüΓûéΓûéΓûâΓûâΓûäΓûäΓûàΓûàΓûåΓûåΓûçΓûçΓûêΓûêΓûçΓûçΓûåΓûåΓûà
Building GraphQL types ...
[2K[1A[2K[1A[2K[GΓûüΓûüΓûéΓûéΓûâΓûâΓûäΓûäΓûàΓûàΓûåΓûåΓûçΓûçΓûêΓûêΓûçΓûçΓûåΓûåΓûàΓûàΓûäΓûäΓûâΓûâΓûéΓûéΓûüΓûüΓûüΓûüΓûéΓûéΓûâΓûâΓûäΓûäΓûàΓûàΓûåΓûåΓûçΓûçΓûêΓûêΓûçΓûçΓûåΓûåΓûàΓûàΓûäΓûäΓûâΓûâΓûéΓûéΓûüΓûüΓûüΓûüΓûéΓûéΓûâΓûâΓûäΓûäΓûàΓûàΓûåΓûåΓûçΓûçΓûêΓûêΓûçΓûçΓûåΓûå
Building GraphQL types ...
[2K[1A[2K[1A[2K[GΓûüΓûüΓûüΓûüΓûéΓûéΓûâΓûâΓûäΓûäΓûàΓûàΓûåΓûåΓûçΓûçΓûêΓûêΓûçΓûçΓûåΓûåΓûàΓûàΓûäΓûäΓûâΓûâΓûéΓûéΓûüΓûüΓûüΓûüΓûéΓûéΓûâΓûâΓûäΓûäΓûàΓûàΓûåΓûåΓûçΓûçΓûêΓûêΓûçΓûçΓûåΓûåΓûàΓûàΓûäΓûäΓûâΓûâΓûéΓûéΓûüΓûüΓûüΓûüΓûéΓûéΓûâΓûâΓûäΓûäΓûàΓûàΓûåΓûåΓûçΓûçΓûêΓûêΓûçΓûç
Building GraphQL types ...
[2K[1A[2K[1A[2K[GΓûéΓûüΓûüΓûüΓûüΓûéΓûéΓûâΓûâΓûäΓûäΓûàΓûàΓûåΓûåΓûçΓûçΓûêΓûêΓûçΓûçΓûåΓûåΓûàΓûàΓûäΓûäΓûâΓûâΓûéΓûéΓûüΓûüΓûüΓûüΓûéΓûéΓûâΓûâΓûäΓûäΓûàΓûàΓûåΓûåΓûçΓûçΓûêΓûêΓûçΓûçΓûåΓûåΓûàΓûàΓûäΓûäΓûâΓûâΓûéΓûéΓûüΓûüΓûüΓûüΓûéΓûéΓûâΓûâΓûäΓûäΓûàΓûàΓûåΓûåΓûçΓûçΓûêΓûêΓûç
Building GraphQL types ...
[2K[1A[2K[1A[2K[GΓûéΓûéΓûüΓûüΓûüΓûüΓûéΓûéΓûâΓûâΓûäΓûäΓûàΓûàΓûåΓûåΓûçΓûçΓûêΓûêΓûçΓûçΓûåΓûåΓûàΓûàΓûäΓûäΓûâΓûâΓûéΓûéΓûüΓûüΓûüΓûüΓûéΓûéΓûâΓûâΓûäΓûäΓûàΓûàΓûåΓûåΓûçΓûçΓûêΓûêΓûçΓûçΓûåΓûåΓûàΓûàΓûäΓûäΓûâΓûâΓûéΓûéΓûüΓûüΓûüΓûüΓûéΓûéΓûâΓûâΓûäΓûäΓûàΓûàΓûåΓûåΓûçΓûçΓûêΓûê
Building GraphQL types ...
[2K[1A[2K[1A[2K[GΓûâΓûéΓûéΓûüΓûüΓûüΓûüΓûéΓûéΓûâΓûâΓûäΓûäΓûàΓûàΓûåΓûåΓûçΓûçΓûêΓûêΓûçΓûçΓûåΓûåΓûàΓûàΓûäΓûäΓûâΓûâΓûéΓûéΓûüΓûüΓûüΓûüΓûéΓûéΓûâΓûâΓûäΓûäΓûàΓûàΓûåΓûåΓûçΓûçΓûêΓûêΓûçΓûçΓûåΓûåΓûàΓûàΓûäΓûäΓûâΓûâΓûéΓûéΓûüΓûüΓûüΓûüΓûéΓûéΓûâΓûâΓûäΓûäΓûàΓûàΓûåΓûåΓûçΓûçΓûê
Building GraphQL types ...
[2K[1A[2K[1A[2K[GΓûâΓûâΓûéΓûéΓûüΓûüΓûüΓûüΓûéΓûéΓûâΓûâΓûäΓûäΓûàΓûàΓûåΓûåΓûçΓûçΓûêΓûêΓûçΓûçΓûåΓûåΓûàΓûàΓûäΓûäΓûâΓûâΓûéΓûéΓûüΓûüΓûüΓûüΓûéΓûéΓûâΓûâΓûäΓûäΓûàΓûàΓûåΓûåΓûçΓûçΓûêΓûêΓûçΓûçΓûåΓûåΓûàΓûàΓûäΓûäΓûâΓûâΓûéΓûéΓûüΓûüΓûüΓûüΓûéΓûéΓûâΓûâΓûäΓûäΓûàΓûàΓûåΓûåΓûçΓûç
Building GraphQL types ...
[2K[1A[2K[1A[2K[GΓûäΓûâΓûâΓûéΓûéΓûüΓûüΓûüΓûüΓûéΓûéΓûâΓûâΓûäΓûäΓûàΓûàΓûåΓûåΓûçΓûçΓûêΓûêΓûçΓûçΓûåΓûåΓûàΓûàΓûäΓûäΓûâΓûâΓûéΓûéΓûüΓûüΓûüΓûüΓûéΓûéΓûâΓûâΓûäΓûäΓûàΓûàΓûåΓûåΓûçΓûçΓûêΓûêΓûçΓûçΓûåΓûåΓûàΓûàΓûäΓûäΓûâΓûâΓûéΓûéΓûüΓûüΓûüΓûüΓûéΓûéΓûâΓûâΓûäΓûäΓûàΓûàΓûåΓûåΓûç
Building GraphQL types ...
[2K[1A[2K[1A[2K[GΓûäΓûäΓûâΓûâΓûéΓûéΓûüΓûüΓûüΓûüΓûéΓûéΓûâΓûâΓûäΓûäΓûàΓûàΓûåΓûåΓûçΓûçΓûêΓûêΓûçΓûçΓûåΓûåΓûàΓûàΓûäΓûäΓûâΓûâΓûéΓûéΓûüΓûüΓûüΓûüΓûéΓûéΓûâΓûâΓûäΓûäΓûàΓûàΓûåΓûåΓûçΓûçΓûêΓûêΓûçΓûçΓûåΓûåΓûàΓûàΓûäΓûäΓûâΓûâΓûéΓûéΓûüΓûüΓûüΓûüΓûéΓûéΓûâΓûâΓûäΓûäΓûàΓûàΓûåΓûå
Building GraphQL types ...
[2K[1A[2K[1A[2K[GΓûàΓûäΓûäΓûâΓûâΓûéΓûéΓûüΓûüΓûüΓûüΓûéΓûéΓûâΓûâΓûäΓûäΓûàΓûàΓûåΓûåΓûçΓûçΓûêΓûêΓûçΓûçΓûåΓûåΓûàΓûàΓûäΓûäΓûâΓûâΓûéΓûéΓûüΓûüΓûüΓûüΓûéΓûéΓûâΓûâΓûäΓûäΓûàΓûàΓûåΓûåΓûçΓûçΓûêΓûêΓûçΓûçΓûåΓûåΓûàΓûàΓûäΓûäΓûâΓûâΓûéΓûéΓûüΓûüΓûüΓûüΓûéΓûéΓûâΓûâΓûäΓûäΓûàΓûàΓûå
Building GraphQL types ...
[2K[1A[2K[1A[2K[GΓûàΓûàΓûäΓûäΓûâΓûâΓûéΓûéΓûüΓûüΓûüΓûüΓûéΓûéΓûâΓûâΓûäΓûäΓûàΓûàΓûåΓûåΓûçΓûçΓûêΓûêΓûçΓûçΓûåΓûåΓûàΓûàΓûäΓûäΓûâΓûâΓûéΓûéΓûüΓûüΓûüΓûüΓûéΓûéΓûâΓûâΓûäΓûäΓûàΓûàΓûåΓûåΓûçΓûçΓûêΓûêΓûçΓûçΓûåΓûåΓûàΓûàΓûäΓûäΓûâΓûâΓûéΓûéΓûüΓûüΓûüΓûüΓûéΓûéΓûâΓûâΓûäΓûäΓûàΓûà
Building GraphQL types ...
[2K[1A[2K[1A[2K[GΓûåΓûàΓûàΓûäΓûäΓûâΓûâΓûéΓûéΓûüΓûüΓûüΓûüΓûéΓûéΓûâΓûâΓûäΓûäΓûàΓûàΓûåΓûåΓûçΓûçΓûêΓûêΓûçΓûçΓûåΓûåΓûàΓûàΓûäΓûäΓûâΓûâΓûéΓûéΓûüΓûüΓûüΓûüΓûéΓûéΓûâΓûâΓûäΓûäΓûàΓûàΓûåΓûåΓûçΓûçΓûêΓûêΓûçΓûçΓûåΓûåΓûàΓûàΓûäΓûäΓûâΓûâΓûéΓûéΓûüΓûüΓûüΓûüΓûéΓûéΓûâΓûâΓûäΓûäΓûà
Building GraphQL types ...
[2K[1A[2K[1A[2K[GΓûåΓûåΓûàΓûàΓûäΓûäΓûâΓûâΓûéΓûéΓûüΓûüΓûüΓûüΓûéΓûéΓûâΓûâΓûäΓûäΓûàΓûàΓûåΓûåΓûçΓûçΓûêΓûêΓûçΓûçΓûåΓûåΓûàΓûàΓûäΓûäΓûâΓûâΓûéΓûéΓûüΓûüΓûüΓûüΓûéΓûéΓûâΓûâΓûäΓûäΓûàΓûàΓûåΓûåΓûçΓûçΓûêΓûêΓûçΓûçΓûåΓûåΓûàΓûàΓûäΓûäΓûâΓûâΓûéΓûéΓûüΓûüΓûüΓûüΓûéΓûéΓûâΓûâΓûäΓûä
Building GraphQL types ...
[2K[1A[2K[1A[2K[GΓûçΓûåΓûåΓûàΓûàΓûäΓûäΓûâΓûâΓûéΓûéΓûüΓûüΓûüΓûüΓûéΓûéΓûâΓûâΓûäΓûäΓûàΓûàΓûåΓûåΓûçΓûçΓûêΓûêΓûçΓûçΓûåΓûåΓûàΓûàΓûäΓûäΓûâΓûâΓûéΓûéΓûüΓûüΓûüΓûüΓûéΓûéΓûâΓûâΓûäΓûäΓûàΓûàΓûåΓûåΓûçΓûçΓûêΓûêΓûçΓûçΓûåΓûåΓûàΓûàΓûäΓûäΓûâΓûâΓûéΓûéΓûüΓûüΓûüΓûüΓûéΓûéΓûâΓûâΓûä
Building GraphQL types ...
[2K[1A[2K[1A[2K[GΓûçΓûçΓûåΓûåΓûàΓûàΓûäΓûäΓûâΓûâΓûéΓûéΓûüΓûüΓûüΓûüΓûéΓûéΓûâΓûâΓûäΓûäΓûàΓûàΓûåΓûåΓûçΓûçΓûêΓûêΓûçΓûçΓûåΓûåΓûàΓûàΓûäΓûäΓûâΓûâΓûéΓûéΓûüΓûüΓûüΓûüΓûéΓûéΓûâΓûâΓûäΓûäΓûàΓûàΓûåΓûåΓûçΓûçΓûêΓûêΓûçΓûçΓûåΓûåΓûàΓûàΓûäΓûäΓûâΓûâΓûéΓûéΓûüΓûüΓûüΓûüΓûéΓûéΓûâΓûâ
Building GraphQL types ...
[2K[1A[2K[1A[2K[GΓûêΓûçΓûçΓûåΓûåΓûàΓûàΓûäΓûäΓûâΓûâΓûéΓûéΓûüΓûüΓûüΓûüΓûéΓûéΓûâΓûâΓûäΓûäΓûàΓûàΓûåΓûåΓûçΓûçΓûêΓûêΓûçΓûçΓûåΓûåΓûàΓûàΓûäΓûäΓûâΓûâΓûéΓûéΓûüΓûüΓûüΓûüΓûéΓûéΓûâΓûâΓûäΓûäΓûàΓûàΓûåΓûåΓûçΓûçΓûêΓûêΓûçΓûçΓûåΓûåΓûàΓûàΓûäΓûäΓûâΓûâΓûéΓûéΓûüΓûüΓûüΓûüΓûéΓûéΓûâ
Building GraphQL types ...
[2K[1A[2K[1A[2K[GΓûçΓûêΓûêΓûçΓûçΓûåΓûåΓûàΓûàΓûäΓûäΓûâΓûâΓûéΓûéΓûüΓûüΓûüΓûüΓûéΓûéΓûâΓûâΓûäΓûäΓûàΓûàΓûåΓûåΓûçΓûçΓûêΓûêΓûçΓûçΓûåΓûåΓûàΓûàΓûäΓûäΓûâΓûâΓûéΓûéΓûüΓûüΓûüΓûüΓûéΓûéΓûâΓûâΓûäΓûäΓûàΓûàΓûåΓûåΓûçΓûçΓûêΓûêΓûçΓûçΓûåΓûåΓûàΓûàΓûäΓûäΓûâΓûâΓûéΓûéΓûüΓûüΓûüΓûüΓûé
Building GraphQL types ...
[2K[1A[2K[1A[2K[GΓûçΓûçΓûêΓûêΓûçΓûçΓûåΓûåΓûàΓûàΓûäΓûäΓûâΓûâΓûéΓûéΓûüΓûüΓûüΓûüΓûéΓûéΓûâΓûâΓûäΓûäΓûàΓûàΓûåΓûåΓûçΓûçΓûêΓûêΓûçΓûçΓûåΓûåΓûàΓûàΓûäΓûäΓûâΓûâΓûéΓûéΓûüΓûüΓûüΓûüΓûéΓûéΓûâΓûâΓûäΓûäΓûàΓûàΓûåΓûåΓûçΓûçΓûêΓûêΓûçΓûçΓûåΓûåΓûàΓûàΓûäΓûäΓûâΓûâΓûéΓûéΓûüΓûüΓûüΓûü
Building GraphQL types ...
[2K[1A[2K[1A[2K[GΓûåΓûåΓûçΓûçΓûêΓûêΓûçΓûçΓûåΓûåΓûàΓûàΓûäΓûäΓûâΓûâΓûéΓûéΓûüΓûüΓûüΓûüΓûéΓûéΓûâΓûâΓûäΓûäΓûàΓûàΓûåΓûåΓûçΓûçΓûêΓûêΓûçΓûçΓûåΓûåΓûàΓûàΓûäΓûäΓûâΓûâΓûéΓûéΓûüΓûüΓûüΓûüΓûéΓûéΓûâΓûâΓûäΓûäΓûàΓûàΓûåΓûåΓûçΓûçΓûêΓûêΓûçΓûçΓûåΓûåΓûàΓûàΓûäΓûäΓûâΓûâΓûéΓûéΓûüΓûü
Building GraphQL types ...
[2K[1A[2K[1A[2K[GΓûàΓûåΓûåΓûçΓûçΓûêΓûêΓûçΓûçΓûåΓûåΓûàΓûàΓûäΓûäΓûâΓûâΓûéΓûéΓûüΓûüΓûüΓûüΓûéΓûéΓûâΓûâΓûäΓûäΓûàΓûàΓûåΓûåΓûçΓûçΓûêΓûêΓûçΓûçΓûåΓûåΓûàΓûàΓûäΓûäΓûâΓûâΓûéΓûéΓûüΓûüΓûüΓûüΓûéΓûéΓûâΓûâΓûäΓûäΓûàΓûàΓûåΓûåΓûçΓûçΓûêΓûêΓûçΓûçΓûåΓûåΓûàΓûàΓûäΓûäΓûâΓûâΓûéΓûéΓûü
Building GraphQL types ...
[2K[1A[2K[1A[2K[GΓûàΓûàΓûåΓûåΓûçΓûçΓûêΓûêΓûçΓûçΓûåΓûåΓûàΓûàΓûäΓûäΓûâΓûâΓûéΓûéΓûüΓûüΓûüΓûüΓûéΓûéΓûâΓûâΓûäΓûäΓûàΓûàΓûåΓûåΓûçΓûçΓûêΓûêΓûçΓûçΓûåΓûåΓûàΓûàΓûäΓûäΓûâΓûâΓûéΓûéΓûüΓûüΓûüΓûüΓûéΓûéΓûâΓûâΓûäΓûäΓûàΓûàΓûåΓûåΓûçΓûçΓûêΓûêΓûçΓûçΓûåΓûåΓûàΓûàΓûäΓûäΓûâΓûâΓûéΓûé
Building GraphQL types ...
[2K[1A[2K[1A[2K[GΓûäΓûàΓûàΓûåΓûåΓûçΓûçΓûêΓûêΓûçΓûçΓûåΓûåΓûàΓûàΓûäΓûäΓûâΓûâΓûéΓûéΓûüΓûüΓûüΓûüΓûéΓûéΓûâΓûâΓûäΓûäΓûàΓûàΓûåΓûåΓûçΓûçΓûêΓûêΓûçΓûçΓûåΓûåΓûàΓûàΓûäΓûäΓûâΓûâΓûéΓûéΓûüΓûüΓûüΓûüΓûéΓûéΓûâΓûâΓûäΓûäΓûàΓûàΓûåΓûåΓûçΓûçΓûêΓûêΓûçΓûçΓûåΓûåΓûàΓûàΓûäΓûäΓûâΓûâΓûé
Building GraphQL types ...
[2K[1A[2K[1A[2K[GΓûäΓûäΓûàΓûàΓûåΓûåΓûçΓûçΓûêΓûêΓûçΓûçΓûåΓûåΓûàΓûàΓûäΓûäΓûâΓûâΓûéΓûéΓûüΓûüΓûüΓûüΓûéΓûéΓûâΓûâΓûäΓûäΓûàΓûàΓûåΓûåΓûçΓûçΓûêΓûêΓûçΓûçΓûåΓûåΓûàΓûàΓûäΓûäΓûâΓûâΓûéΓûéΓûüΓûüΓûüΓûüΓûéΓûéΓûâΓûâΓûäΓûäΓûàΓûàΓûåΓûåΓûçΓûçΓûêΓûêΓûçΓûçΓûåΓûåΓûàΓûàΓûäΓûäΓûâΓûâ
Building GraphQL types ...
[2K[1A[2K[1A[2K[GΓûâΓûäΓûäΓûàΓûàΓûåΓûåΓûçΓûçΓûêΓûêΓûçΓûçΓûåΓûåΓûàΓûàΓûäΓûäΓûâΓûâΓûéΓûéΓûüΓûüΓûüΓûüΓûéΓûéΓûâΓûâΓûäΓûäΓûàΓûàΓûåΓûåΓûçΓûçΓûêΓûêΓûçΓûçΓûåΓûåΓûàΓûàΓûäΓûäΓûâΓûâΓûéΓûéΓûüΓûüΓûüΓûüΓûéΓûéΓûâΓûâΓûäΓûäΓûàΓûàΓûåΓûåΓûçΓûçΓûêΓûêΓûçΓûçΓûåΓûåΓûàΓûàΓûäΓûäΓûâ
Building GraphQL types ...
[2K[1A[2K[1A[2K[GΓûâΓûâΓûäΓûäΓûàΓûàΓûåΓûåΓûçΓûçΓûêΓûêΓûçΓûçΓûåΓûåΓûàΓûàΓûäΓûäΓûâΓûâΓûéΓûéΓûüΓûüΓûüΓûüΓûéΓûéΓûâΓûâΓûäΓûäΓûàΓûàΓûåΓûåΓûçΓûçΓûêΓûêΓûçΓûçΓûåΓûåΓûàΓûàΓûäΓûäΓûâΓûâΓûéΓûéΓûüΓûüΓûüΓûüΓûéΓûéΓûâΓûâΓûäΓûäΓûàΓûàΓûåΓûåΓûçΓûçΓûêΓûêΓûçΓûçΓûåΓûåΓûàΓûàΓûäΓûä
Building GraphQL types ...
[2K[1A[2K[1A[2K[GΓûéΓûâΓûâΓûäΓûäΓûàΓûàΓûåΓûåΓûçΓûçΓûêΓûêΓûçΓûçΓûåΓûåΓûàΓûàΓûäΓûäΓûâΓûâΓûéΓûéΓûüΓûüΓûüΓûüΓûéΓûéΓûâΓûâΓûäΓûäΓûàΓûàΓûåΓûåΓûçΓûçΓûêΓûêΓûçΓûçΓûåΓûåΓûàΓûàΓûäΓûäΓûâΓûâΓûéΓûéΓûüΓûüΓûüΓûüΓûéΓûéΓûâΓûâΓûäΓûäΓûàΓûàΓûåΓûåΓûçΓûçΓûêΓûêΓûçΓûçΓûåΓûåΓûàΓûàΓûä
Building GraphQL types ...
[2K[1A[2K[1A[2K[GΓûéΓûéΓûâΓûâΓûäΓûäΓûàΓûàΓûåΓûåΓûçΓûçΓûêΓûêΓûçΓûçΓûåΓûåΓûàΓûàΓûäΓûäΓûâΓûâΓûéΓûéΓûüΓûüΓûüΓûüΓûéΓûéΓûâΓûâΓûäΓûäΓûàΓûàΓûåΓûåΓûçΓûçΓûêΓûêΓûçΓûçΓûåΓûåΓûàΓûàΓûäΓûäΓûâΓûâΓûéΓûéΓûüΓûüΓûüΓûüΓûéΓûéΓûâΓûâΓûäΓûäΓûàΓûàΓûåΓûåΓûçΓûçΓûêΓûêΓûçΓûçΓûåΓûåΓûàΓûà
Building GraphQL types ...
[2K[1A[2K[1A[2K[GΓûüΓûéΓûéΓûâΓûâΓûäΓûäΓûàΓûàΓûåΓûåΓûçΓûçΓûêΓûêΓûçΓûçΓûåΓûåΓûàΓûàΓûäΓûäΓûâΓûâΓûéΓûéΓûüΓûüΓûüΓûüΓûéΓûéΓûâΓûâΓûäΓûäΓûàΓûàΓûåΓûåΓûçΓûçΓûêΓûêΓûçΓûçΓûåΓûåΓûàΓûàΓûäΓûäΓûâΓûâΓûéΓûéΓûüΓûüΓûüΓûüΓûéΓûéΓûâΓûâΓûäΓûäΓûàΓûàΓûåΓûåΓûçΓûçΓûêΓûêΓûçΓûçΓûåΓûåΓûà
Building GraphQL types ...
[2K[1A[2K[1A[2K[GΓûüΓûüΓûéΓûéΓûâΓûâΓûäΓûäΓûàΓûàΓûåΓûåΓûçΓûçΓûêΓûêΓûçΓûçΓûåΓûåΓûàΓûàΓûäΓûäΓûâΓûâΓûéΓûéΓûüΓûüΓûüΓûüΓûéΓûéΓûâΓûâΓûäΓûäΓûàΓûàΓûåΓûåΓûçΓûçΓûêΓûêΓûçΓûçΓûåΓûåΓûàΓûàΓûäΓûäΓûâΓûâΓûéΓûéΓûüΓûüΓûüΓûüΓûéΓûéΓûâΓûâΓûäΓûäΓûàΓûàΓûåΓûåΓûçΓûçΓûêΓûêΓûçΓûçΓûåΓûå
Building GraphQL types ...
[2K[1A[2K[1A[2K[GΓûüΓûüΓûüΓûéΓûéΓûâΓûâΓûäΓûäΓûàΓûàΓûåΓûåΓûçΓûçΓûêΓûêΓûçΓûçΓûåΓûåΓûàΓûàΓûäΓûäΓûâΓûâΓûéΓûéΓûüΓûüΓûüΓûüΓûéΓûéΓûâΓûâΓûäΓûäΓûàΓûàΓûåΓûåΓûçΓûçΓûêΓûêΓûçΓûçΓûåΓûåΓûàΓûàΓûäΓûäΓûâΓûâΓûéΓûéΓûüΓûüΓûüΓûüΓûéΓûéΓûâΓûâΓûäΓûäΓûàΓûàΓûåΓûåΓûçΓûçΓûêΓûêΓûçΓûçΓûå
Building GraphQL types ...
[2K[1A[2K[1A[2K[GΓûüΓûüΓûüΓûüΓûéΓûéΓûâΓûâΓûäΓûäΓûàΓûàΓûåΓûåΓûçΓûçΓûêΓûêΓûçΓûçΓûåΓûåΓûàΓûàΓûäΓûäΓûâΓûâΓûéΓûéΓûüΓûüΓûüΓûüΓûéΓûéΓûâΓûâΓûäΓûäΓûàΓûàΓûåΓûåΓûçΓûçΓûêΓûêΓûçΓûçΓûåΓûåΓûàΓûàΓûäΓûäΓûâΓûâΓûéΓûéΓûüΓûüΓûüΓûüΓûéΓûéΓûâΓûâΓûäΓûäΓûàΓûàΓûåΓûåΓûçΓûçΓûêΓûêΓûçΓûç
Building GraphQL types ...
[2K[1A[2K[1A[2K[GΓûéΓûüΓûüΓûüΓûüΓûéΓûéΓûâΓûâΓûäΓûäΓûàΓûàΓûåΓûåΓûçΓûçΓûêΓûêΓûçΓûçΓûåΓûåΓûàΓûàΓûäΓûäΓûâΓûâΓûéΓûéΓûüΓûüΓûüΓûüΓûéΓûéΓûâΓûâΓûäΓûäΓûàΓûàΓûåΓûåΓûçΓûçΓûêΓûêΓûçΓûçΓûåΓûåΓûàΓûàΓûäΓûäΓûâΓûâΓûéΓûéΓûüΓûüΓûüΓûüΓûéΓûéΓûâΓûâΓûäΓûäΓûàΓûàΓûåΓûåΓûçΓûçΓûêΓûêΓûç
Building GraphQL types ...
[2K[1A[2K[1A[2K[GΓûéΓûéΓûüΓûüΓûüΓûüΓûéΓûéΓûâΓûâΓûäΓûäΓûàΓûàΓûåΓûåΓûçΓûçΓûêΓûêΓûçΓûçΓûåΓûåΓûàΓûàΓûäΓûäΓûâΓûâΓûéΓûéΓûüΓûüΓûüΓûüΓûéΓûéΓûâΓûâΓûäΓûäΓûàΓûàΓûåΓûåΓûçΓûçΓûêΓûêΓûçΓûçΓûåΓûåΓûàΓûàΓûäΓûäΓûâΓûâΓûéΓûéΓûüΓûüΓûüΓûüΓûéΓûéΓûâΓûâΓûäΓûäΓûàΓûàΓûåΓûåΓûçΓûçΓûêΓûê
Building GraphQL types ...
[2K[1A[2K[1A[2K[GΓûâΓûéΓûéΓûüΓûüΓûüΓûüΓûéΓûéΓûâΓûâΓûäΓûäΓûàΓûàΓûåΓûåΓûçΓûçΓûêΓûêΓûçΓûçΓûåΓûåΓûàΓûàΓûäΓûäΓûâΓûâΓûéΓûéΓûüΓûüΓûüΓûüΓûéΓûéΓûâΓûâΓûäΓûäΓûàΓûàΓûåΓûåΓûçΓûçΓûêΓûêΓûçΓûçΓûåΓûåΓûàΓûàΓûäΓûäΓûâΓûâΓûéΓûéΓûüΓûüΓûüΓûüΓûéΓûéΓûâΓûâΓûäΓûäΓûàΓûàΓûåΓûåΓûçΓûçΓûê
Building GraphQL types ...
[2K[1A[2K[1A[2K[GΓûâΓûâΓûéΓûéΓûüΓûüΓûüΓûüΓûéΓûéΓûâΓûâΓûäΓûäΓûàΓûàΓûåΓûåΓûçΓûçΓûêΓûêΓûçΓûçΓûåΓûåΓûàΓûàΓûäΓûäΓûâΓûâΓûéΓûéΓûüΓûüΓûüΓûüΓûéΓûéΓûâΓûâΓûäΓûäΓûàΓûàΓûåΓûåΓûçΓûçΓûêΓûêΓûçΓûçΓûåΓûåΓûàΓûàΓûäΓûäΓûâΓûâΓûéΓûéΓûüΓûüΓûüΓûüΓûéΓûéΓûâΓûâΓûäΓûäΓûàΓûàΓûåΓûåΓûçΓûç
Building GraphQL types ...
[2K[1A[2K[1A[2K[GΓûäΓûâΓûâΓûéΓûéΓûüΓûüΓûüΓûüΓûéΓûéΓûâΓûâΓûäΓûäΓûàΓûàΓûåΓûåΓûçΓûçΓûêΓûêΓûçΓûçΓûåΓûåΓûàΓûàΓûäΓûäΓûâΓûâΓûéΓûéΓûüΓûüΓûüΓûüΓûéΓûéΓûâΓûâΓûäΓûäΓûàΓûàΓûåΓûåΓûçΓûçΓûêΓûêΓûçΓûçΓûåΓûåΓûàΓûàΓûäΓûäΓûâΓûâΓûéΓûéΓûüΓûüΓûüΓûüΓûéΓûéΓûâΓûâΓûäΓûäΓûàΓûàΓûåΓûåΓûç
Building GraphQL types ...
[2K[1A[2K[1A[2K[GΓûäΓûäΓûâΓûâΓûéΓûéΓûüΓûüΓûüΓûüΓûéΓûéΓûâΓûâΓûäΓûäΓûàΓûàΓûåΓûåΓûçΓûçΓûêΓûêΓûçΓûçΓûåΓûåΓûàΓûàΓûäΓûäΓûâΓûâΓûéΓûéΓûüΓûüΓûüΓûüΓûéΓûéΓûâΓûâΓûäΓûäΓûàΓûàΓûåΓûåΓûçΓûçΓûêΓûêΓûçΓûçΓûåΓûåΓûàΓûàΓûäΓûäΓûâΓûâΓûéΓûéΓûüΓûüΓûüΓûüΓûéΓûéΓûâΓûâΓûäΓûäΓûàΓûàΓûåΓûå
Building GraphQL types ...
[2K[1A[2K[1A[2K[GΓûàΓûäΓûäΓûâΓûâΓûéΓûéΓûüΓûüΓûüΓûüΓûéΓûéΓûâΓûâΓûäΓûäΓûàΓûàΓûåΓûåΓûçΓûçΓûêΓûêΓûçΓûçΓûåΓûåΓûàΓûàΓûäΓûäΓûâΓûâΓûéΓûéΓûüΓûüΓûüΓûüΓûéΓûéΓûâΓûâΓûäΓûäΓûàΓûàΓûåΓûåΓûçΓûçΓûêΓûêΓûçΓûçΓûåΓûåΓûàΓûàΓûäΓûäΓûâΓûâΓûéΓûéΓûüΓûüΓûüΓûüΓûéΓûéΓûâΓûâΓûäΓûäΓûàΓûàΓûå
Building GraphQL types ...
[2K[1A[2K[1A[2K[GΓûàΓûàΓûäΓûäΓûâΓûâΓûéΓûéΓûüΓûüΓûüΓûüΓûéΓûéΓûâΓûâΓûäΓûäΓûàΓûàΓûåΓûåΓûçΓûçΓûêΓûêΓûçΓûçΓûåΓûåΓûàΓûàΓûäΓûäΓûâΓûâΓûéΓûéΓûüΓûüΓûüΓûüΓûéΓûéΓûâΓûâΓûäΓûäΓûàΓûàΓûåΓûåΓûçΓûçΓûêΓûêΓûçΓûçΓûåΓûåΓûàΓûàΓûäΓûäΓûâΓûâΓûéΓûéΓûüΓûüΓûüΓûüΓûéΓûéΓûâΓûâΓûäΓûäΓûàΓûà
Building GraphQL types ...
[2K[1A[2K[1A[2K[GΓûåΓûàΓûàΓûäΓûäΓûâΓûâΓûéΓûéΓûüΓûüΓûüΓûüΓûéΓûéΓûâΓûâΓûäΓûäΓûàΓûàΓûåΓûåΓûçΓûçΓûêΓûêΓûçΓûçΓûåΓûåΓûàΓûàΓûäΓûäΓûâΓûâΓûéΓûéΓûüΓûüΓûüΓûüΓûéΓûéΓûâΓûâΓûäΓûäΓûàΓûàΓûåΓûåΓûçΓûçΓûêΓûêΓûçΓûçΓûåΓûåΓûàΓûàΓûäΓûäΓûâΓûâΓûéΓûéΓûüΓûüΓûüΓûüΓûéΓûéΓûâΓûâΓûäΓûäΓûà
Building GraphQL types ...
[2K[1A[2K[1A[2K[GΓûåΓûåΓûàΓûàΓûäΓûäΓûâΓûâΓûéΓûéΓûüΓûüΓûüΓûüΓûéΓûéΓûâΓûâΓûäΓûäΓûàΓûàΓûåΓûåΓûçΓûçΓûêΓûêΓûçΓûçΓûåΓûåΓûàΓûàΓûäΓûäΓûâΓûâΓûéΓûéΓûüΓûüΓûüΓûüΓûéΓûéΓûâΓûâΓûäΓûäΓûàΓûàΓûåΓûåΓûçΓûçΓûêΓûêΓûçΓûçΓûåΓûåΓûàΓûàΓûäΓûäΓûâΓûâΓûéΓûéΓûüΓûüΓûüΓûüΓûéΓûéΓûâΓûâΓûäΓûä
Building GraphQL types ...
[2K[1A[2K[1A[2K[GΓûçΓûåΓûåΓûàΓûàΓûäΓûäΓûâΓûâΓûéΓûéΓûüΓûüΓûüΓûüΓûéΓûéΓûâΓûâΓûäΓûäΓûàΓûàΓûåΓûåΓûçΓûçΓûêΓûêΓûçΓûçΓûåΓûåΓûàΓûàΓûäΓûäΓûâΓûâΓûéΓûéΓûüΓûüΓûüΓûüΓûéΓûéΓûâΓûâΓûäΓûäΓûàΓûàΓûåΓûåΓûçΓûçΓûêΓûêΓûçΓûçΓûåΓûåΓûàΓûàΓûäΓûäΓûâΓûâΓûéΓûéΓûüΓûüΓûüΓûüΓûéΓûéΓûâΓûâΓûä
Building GraphQL types ...
[2K[1A[2K[1A[2K[GΓûçΓûçΓûåΓûåΓûàΓûàΓûäΓûäΓûâΓûâΓûéΓûéΓûüΓûüΓûüΓûüΓûéΓûéΓûâΓûâΓûäΓûäΓûàΓûàΓûåΓûåΓûçΓûçΓûêΓûêΓûçΓûçΓûåΓûåΓûàΓûàΓûäΓûäΓûâΓûâΓûéΓûéΓûüΓûüΓûüΓûüΓûéΓûéΓûâΓûâΓûäΓûäΓûàΓûàΓûåΓûåΓûçΓûçΓûêΓûêΓûçΓûçΓûåΓûåΓûàΓûàΓûäΓûäΓûâΓûâΓûéΓûéΓûüΓûüΓûüΓûüΓûéΓûéΓûâΓûâ
Building GraphQL types ...
[2K[1A[2K[1A[2K[GΓûêΓûçΓûçΓûåΓûåΓûàΓûàΓûäΓûäΓûâΓûâΓûéΓûéΓûüΓûüΓûüΓûüΓûéΓûéΓûâΓûâΓûäΓûäΓûàΓûàΓûåΓûåΓûçΓûçΓûêΓûêΓûçΓûçΓûåΓûåΓûàΓûàΓûäΓûäΓûâΓûâΓûéΓûéΓûüΓûüΓûüΓûüΓûéΓûéΓûâΓûâΓûäΓûäΓûàΓûàΓûåΓûåΓûçΓûçΓûêΓûêΓûçΓûçΓûåΓûåΓûàΓûàΓûäΓûäΓûâΓûâΓûéΓûéΓûüΓûüΓûüΓûüΓûéΓûéΓûâ
Building GraphQL types ...
[2K[1A[2K[1A[2K[GΓûêΓûêΓûçΓûçΓûåΓûåΓûàΓûàΓûäΓûäΓûâΓûâΓûéΓûéΓûüΓûüΓûüΓûüΓûéΓûéΓûâΓûâΓûäΓûäΓûàΓûàΓûåΓûåΓûçΓûçΓûêΓûêΓûçΓûçΓûåΓûåΓûàΓûàΓûäΓûäΓûâΓûâΓûéΓûéΓûüΓûüΓûüΓûüΓûéΓûéΓûâΓûâΓûäΓûäΓûàΓûàΓûåΓûåΓûçΓûçΓûêΓûêΓûçΓûçΓûåΓûåΓûàΓûàΓûäΓûäΓûâΓûâΓûéΓûéΓûüΓûüΓûüΓûüΓûéΓûé
Building GraphQL types ...
[2K[1A[2K[1A[2K[GΓûçΓûêΓûêΓûçΓûçΓûåΓûåΓûàΓûàΓûäΓûäΓûâΓûâΓûéΓûéΓûüΓûüΓûüΓûüΓûéΓûéΓûâΓûâΓûäΓûäΓûàΓûàΓûåΓûåΓûçΓûçΓûêΓûêΓûçΓûçΓûåΓûåΓûàΓûàΓûäΓûäΓûâΓûâΓûéΓûéΓûüΓûüΓûüΓûüΓûéΓûéΓûâΓûâΓûäΓûäΓûàΓûàΓûåΓûåΓûçΓûçΓûêΓûêΓûçΓûçΓûåΓûåΓûàΓûàΓûäΓûäΓûâΓûâΓûéΓûéΓûüΓûüΓûüΓûüΓûé
Building GraphQL types ...
[2K[1A[2K[1A[2K[GΓûçΓûçΓûêΓûêΓûçΓûçΓûåΓûåΓûàΓûàΓûäΓûäΓûâΓûâΓûéΓûéΓûüΓûüΓûüΓûüΓûéΓûéΓûâΓûâΓûäΓûäΓûàΓûàΓûåΓûåΓûçΓûçΓûêΓûêΓûçΓûçΓûåΓûåΓûàΓûàΓûäΓûäΓûâΓûâΓûéΓûéΓûüΓûüΓûüΓûüΓûéΓûéΓûâΓûâΓûäΓûäΓûàΓûàΓûåΓûåΓûçΓûçΓûêΓûêΓûçΓûçΓûåΓûåΓûàΓûàΓûäΓûäΓûâΓûâΓûéΓûéΓûüΓûüΓûüΓûü
Building GraphQL types ...
[2K[1A[2K[1A[2K[GΓûåΓûçΓûçΓûêΓûêΓûçΓûçΓûåΓûåΓûàΓûàΓûäΓûäΓûâΓûâΓûéΓûéΓûüΓûüΓûüΓûüΓûéΓûéΓûâΓûâΓûäΓûäΓûàΓûàΓûåΓûåΓûçΓûçΓûêΓûêΓûçΓûçΓûåΓûåΓûàΓûàΓûäΓûäΓûâΓûâΓûéΓûéΓûüΓûüΓûüΓûüΓûéΓûéΓûâΓûâΓûäΓûäΓûàΓûàΓûåΓûåΓûçΓûçΓûêΓûêΓûçΓûçΓûåΓûåΓûàΓûàΓûäΓûäΓûâΓûâΓûéΓûéΓûüΓûüΓûü
Building GraphQL types ...
[2K[1A[2K[1A[2K[GΓûåΓûåΓûçΓûçΓûêΓûêΓûçΓûçΓûåΓûåΓûàΓûàΓûäΓûäΓûâΓûâΓûéΓûéΓûüΓûüΓûüΓûüΓûéΓûéΓûâΓûâΓûäΓûäΓûàΓûàΓûåΓûåΓûçΓûçΓûêΓûêΓûçΓûçΓûåΓûåΓûàΓûàΓûäΓûäΓûâΓûâΓûéΓûéΓûüΓûüΓûüΓûüΓûéΓûéΓûâΓûâΓûäΓûäΓûàΓûàΓûåΓûåΓûçΓûçΓûêΓûêΓûçΓûçΓûåΓûåΓûàΓûàΓûäΓûäΓûâΓûâΓûéΓûéΓûüΓûü
Building GraphQL types ...
[2K[1A[2K[1A[2K[GΓûàΓûåΓûåΓûçΓûçΓûêΓûêΓûçΓûçΓûåΓûåΓûàΓûàΓûäΓûäΓûâΓûâΓûéΓûéΓûüΓûüΓûüΓûüΓûéΓûéΓûâΓûâΓûäΓûäΓûàΓûàΓûåΓûåΓûçΓûçΓûêΓûêΓûçΓûçΓûåΓûåΓûàΓûàΓûäΓûäΓûâΓûâΓûéΓûéΓûüΓûüΓûüΓûüΓûéΓûéΓûâΓûâΓûäΓûäΓûàΓûàΓûåΓûåΓûçΓûçΓûêΓûêΓûçΓûçΓûåΓûåΓûàΓûàΓûäΓûäΓûâΓûâΓûéΓûéΓûü
Building GraphQL types ...
[2K[1A[2K[1A[2K[GΓûàΓûàΓûåΓûåΓûçΓûçΓûêΓûêΓûçΓûçΓûåΓûåΓûàΓûàΓûäΓûäΓûâΓûâΓûéΓûéΓûüΓûüΓûüΓûüΓûéΓûéΓûâΓûâΓûäΓûäΓûàΓûàΓûåΓûåΓûçΓûçΓûêΓûêΓûçΓûçΓûåΓûåΓûàΓûàΓûäΓûäΓûâΓûâΓûéΓûéΓûüΓûüΓûüΓûüΓûéΓûéΓûâΓûâΓûäΓûäΓûàΓûàΓûåΓûåΓûçΓûçΓûêΓûêΓûçΓûçΓûåΓûåΓûàΓûàΓûäΓûäΓûâΓûâΓûéΓûé
Building GraphQL types ...
[2K[1A[2K[1A[2K[GΓûäΓûàΓûàΓûåΓûåΓûçΓûçΓûêΓûêΓûçΓûçΓûåΓûåΓûàΓûàΓûäΓûäΓûâΓûâΓûéΓûéΓûüΓûüΓûüΓûüΓûéΓûéΓûâΓûâΓûäΓûäΓûàΓûàΓûåΓûåΓûçΓûçΓûêΓûêΓûçΓûçΓûåΓûåΓûàΓûàΓûäΓûäΓûâΓûâΓûéΓûéΓûüΓûüΓûüΓûüΓûéΓûéΓûâΓûâΓûäΓûäΓûàΓûàΓûåΓûåΓûçΓûçΓûêΓûêΓûçΓûçΓûåΓûåΓûàΓûàΓûäΓûäΓûâΓûâΓûé
Building GraphQL types ...
[2K[1A[2K[1A[2K[GΓûäΓûäΓûàΓûàΓûåΓûåΓûçΓûçΓûêΓûêΓûçΓûçΓûåΓûåΓûàΓûàΓûäΓûäΓûâΓûâΓûéΓûéΓûüΓûüΓûüΓûüΓûéΓûéΓûâΓûâΓûäΓûäΓûàΓûàΓûåΓûåΓûçΓûçΓûêΓûêΓûçΓûçΓûåΓûåΓûàΓûàΓûäΓûäΓûâΓûâΓûéΓûéΓûüΓûüΓûüΓûüΓûéΓûéΓûâΓûâΓûäΓûäΓûàΓûàΓûåΓûåΓûçΓûçΓûêΓûêΓûçΓûçΓûåΓûåΓûàΓûàΓûäΓûäΓûâΓûâ
Building GraphQL types ...
[2K[1A[2K[1A[2K[GΓûâΓûäΓûäΓûàΓûàΓûåΓûåΓûçΓûçΓûêΓûêΓûçΓûçΓûåΓûåΓûàΓûàΓûäΓûäΓûâΓûâΓûéΓûéΓûüΓûüΓûüΓûüΓûéΓûéΓûâΓûâΓûäΓûäΓûàΓûàΓûåΓûåΓûçΓûçΓûêΓûêΓûçΓûçΓûåΓûåΓûàΓûàΓûäΓûäΓûâΓûâΓûéΓûéΓûüΓûüΓûüΓûüΓûéΓûéΓûâΓûâΓûäΓûäΓûàΓûàΓûåΓûåΓûçΓûçΓûêΓûêΓûçΓûçΓûåΓûåΓûàΓûàΓûäΓûäΓûâ
Building GraphQL types ...
[2K[1A[2K[1A[2K[GΓûâΓûâΓûäΓûäΓûàΓûàΓûåΓûåΓûçΓûçΓûêΓûêΓûçΓûçΓûåΓûåΓûàΓûàΓûäΓûäΓûâΓûâΓûéΓûéΓûüΓûüΓûüΓûüΓûéΓûéΓûâΓûâΓûäΓûäΓûàΓûàΓûåΓûåΓûçΓûçΓûêΓûêΓûçΓûçΓûåΓûåΓûàΓûàΓûäΓûäΓûâΓûâΓûéΓûéΓûüΓûüΓûüΓûüΓûéΓûéΓûâΓûâΓûäΓûäΓûàΓûàΓûåΓûåΓûçΓûçΓûêΓûêΓûçΓûçΓûåΓûåΓûàΓûàΓûäΓûä
Building GraphQL types ...
[2K[1A[2K[1A[2K[GΓûéΓûâΓûâΓûäΓûäΓûàΓûàΓûåΓûåΓûçΓûçΓûêΓûêΓûçΓûçΓûåΓûåΓûàΓûàΓûäΓûäΓûâΓûâΓûéΓûéΓûüΓûüΓûüΓûüΓûéΓûéΓûâΓûâΓûäΓûäΓûàΓûàΓûåΓûåΓûçΓûçΓûêΓûêΓûçΓûçΓûåΓûåΓûàΓûàΓûäΓûäΓûâΓûâΓûéΓûéΓûüΓûüΓûüΓûüΓûéΓûéΓûâΓûâΓûäΓûäΓûàΓûàΓûåΓûåΓûçΓûçΓûêΓûêΓûçΓûçΓûåΓûåΓûàΓûàΓûä
Building GraphQL types ...
[2K[1A[2K[1A[2K[GΓûéΓûéΓûâΓûâΓûäΓûäΓûàΓûàΓûåΓûåΓûçΓûçΓûêΓûêΓûçΓûçΓûåΓûåΓûàΓûàΓûäΓûäΓûâΓûâΓûéΓûéΓûüΓûüΓûüΓûüΓûéΓûéΓûâΓûâΓûäΓûäΓûàΓûàΓûåΓûåΓûçΓûçΓûêΓûêΓûçΓûçΓûåΓûåΓûàΓûàΓûäΓûäΓûâΓûâΓûéΓûéΓûüΓûüΓûüΓûüΓûéΓûéΓûâΓûâΓûäΓûäΓûàΓûàΓûåΓûåΓûçΓûçΓûêΓûêΓûçΓûçΓûåΓûåΓûàΓûà
Building GraphQL types ...
[2K[1A[2K[1A[2K[GΓûüΓûéΓûéΓûâΓûâΓûäΓûäΓûàΓûàΓûåΓûåΓûçΓûçΓûêΓûêΓûçΓûçΓûåΓûåΓûàΓûàΓûäΓûäΓûâΓûâΓûéΓûéΓûüΓûüΓûüΓûüΓûéΓûéΓûâΓûâΓûäΓûäΓûàΓûàΓûåΓûåΓûçΓûçΓûêΓûêΓûçΓûçΓûåΓûåΓûàΓûàΓûäΓûäΓûâΓûâΓûéΓûéΓûüΓûüΓûüΓûüΓûéΓûéΓûâΓûâΓûäΓûäΓûàΓûàΓûåΓûåΓûçΓûçΓûêΓûêΓûçΓûçΓûåΓûåΓûà
Building GraphQL types ...
[2K[1A[2K[1A[2K[GΓûüΓûüΓûéΓûéΓûâΓûâΓûäΓûäΓûàΓûàΓûåΓûåΓûçΓûçΓûêΓûêΓûçΓûçΓûåΓûåΓûàΓûàΓûäΓûäΓûâΓûâΓûéΓûéΓûüΓûüΓûüΓûüΓûéΓûéΓûâΓûâΓûäΓûäΓûàΓûàΓûåΓûåΓûçΓûçΓûêΓûêΓûçΓûçΓûåΓûåΓûàΓûàΓûäΓûäΓûâΓûâΓûéΓûéΓûüΓûüΓûüΓûüΓûéΓûéΓûâΓûâΓûäΓûäΓûàΓûàΓûåΓûåΓûçΓûçΓûêΓûêΓûçΓûçΓûåΓûå
Building GraphQL types ...
[2K[1A[2K[1A[2K[GΓûüΓûüΓûüΓûéΓûéΓûâΓûâΓûäΓûäΓûàΓûàΓûåΓûåΓûçΓûçΓûêΓûêΓûçΓûçΓûåΓûåΓûàΓûàΓûäΓûäΓûâΓûâΓûéΓûéΓûüΓûüΓûüΓûüΓûéΓûéΓûâΓûâΓûäΓûäΓûàΓûàΓûåΓûåΓûçΓûçΓûêΓûêΓûçΓûçΓûåΓûåΓûàΓûàΓûäΓûäΓûâΓûâΓûéΓûéΓûüΓûüΓûüΓûüΓûéΓûéΓûâΓûâΓûäΓûäΓûàΓûàΓûåΓûåΓûçΓûçΓûêΓûêΓûçΓûçΓûå
Building GraphQL types ...
[2K[1A[2K[1A[2K[GΓûüΓûüΓûüΓûüΓûéΓûéΓûâΓûâΓûäΓûäΓûàΓûàΓûåΓûåΓûçΓûçΓûêΓûêΓûçΓûçΓûåΓûåΓûàΓûàΓûäΓûäΓûâΓûâΓûéΓûéΓûüΓûüΓûüΓûüΓûéΓûéΓûâΓûâΓûäΓûäΓûàΓûàΓûåΓûåΓûçΓûçΓûêΓûêΓûçΓûçΓûåΓûåΓûàΓûàΓûäΓûäΓûâΓûâΓûéΓûéΓûüΓûüΓûüΓûüΓûéΓûéΓûâΓûâΓûäΓûäΓûàΓûàΓûåΓûåΓûçΓûçΓûêΓûêΓûçΓûç
Building GraphQL types ...
[2K[1A[2K[1A[2K[GΓûéΓûüΓûüΓûüΓûüΓûéΓûéΓûâΓûâΓûäΓûäΓûàΓûàΓûåΓûåΓûçΓûçΓûêΓûêΓûçΓûçΓûåΓûåΓûàΓûàΓûäΓûäΓûâΓûâΓûéΓûéΓûüΓûüΓûüΓûüΓûéΓûéΓûâΓûâΓûäΓûäΓûàΓûàΓûåΓûåΓûçΓûçΓûêΓûêΓûçΓûçΓûåΓûåΓûàΓûàΓûäΓûäΓûâΓûâΓûéΓûéΓûüΓûüΓûüΓûüΓûéΓûéΓûâΓûâΓûäΓûäΓûàΓûàΓûåΓûåΓûçΓûçΓûêΓûêΓûç
Building GraphQL types ...
[2K[1A[2K[1A[2K[GΓûéΓûéΓûüΓûüΓûüΓûüΓûéΓûéΓûâΓûâΓûäΓûäΓûàΓûàΓûåΓûåΓûçΓûçΓûêΓûêΓûçΓûçΓûåΓûåΓûàΓûàΓûäΓûäΓûâΓûâΓûéΓûéΓûüΓûüΓûüΓûüΓûéΓûéΓûâΓûâΓûäΓûäΓûàΓûàΓûåΓûåΓûçΓûçΓûêΓûêΓûçΓûçΓûåΓûåΓûàΓûàΓûäΓûäΓûâΓûâΓûéΓûéΓûüΓûüΓûüΓûüΓûéΓûéΓûâΓûâΓûäΓûäΓûàΓûàΓûåΓûåΓûçΓûçΓûêΓûê
Building GraphQL types ...
[2K[1A[2K[1A[2K[GΓûâΓûéΓûéΓûüΓûüΓûüΓûüΓûéΓûéΓûâΓûâΓûäΓûäΓûàΓûàΓûåΓûåΓûçΓûçΓûêΓûêΓûçΓûçΓûåΓûåΓûàΓûàΓûäΓûäΓûâΓûâΓûéΓûéΓûüΓûüΓûüΓûüΓûéΓûéΓûâΓûâΓûäΓûäΓûàΓûàΓûåΓûåΓûçΓûçΓûêΓûêΓûçΓûçΓûåΓûåΓûàΓûàΓûäΓûäΓûâΓûâΓûéΓûéΓûüΓûüΓûüΓûüΓûéΓûéΓûâΓûâΓûäΓûäΓûàΓûàΓûåΓûåΓûçΓûçΓûê
Building GraphQL types ...
[2K[1A[2K[1A[2K[GΓûâΓûâΓûéΓûéΓûüΓûüΓûüΓûüΓûéΓûéΓûâΓûâΓûäΓûäΓûàΓûàΓûåΓûåΓûçΓûçΓûêΓûêΓûçΓûçΓûåΓûåΓûàΓûàΓûäΓûäΓûâΓûâΓûéΓûéΓûüΓûüΓûüΓûüΓûéΓûéΓûâΓûâΓûäΓûäΓûàΓûàΓûåΓûåΓûçΓûçΓûêΓûêΓûçΓûçΓûåΓûåΓûàΓûàΓûäΓûäΓûâΓûâΓûéΓûéΓûüΓûüΓûüΓûüΓûéΓûéΓûâΓûâΓûäΓûäΓûàΓûàΓûåΓûåΓûçΓûç
Building GraphQL types ...
[2K[1A[2K[1A[2K[GΓûäΓûâΓûâΓûéΓûéΓûüΓûüΓûüΓûüΓûéΓûéΓûâΓûâΓûäΓûäΓûàΓûàΓûåΓûåΓûçΓûçΓûêΓûêΓûçΓûçΓûåΓûåΓûàΓûàΓûäΓûäΓûâΓûâΓûéΓûéΓûüΓûüΓûüΓûüΓûéΓûéΓûâΓûâΓûäΓûäΓûàΓûàΓûåΓûåΓûçΓûçΓûêΓûêΓûçΓûçΓûåΓûåΓûàΓûàΓûäΓûäΓûâΓûâΓûéΓûéΓûüΓûüΓûüΓûüΓûéΓûéΓûâΓûâΓûäΓûäΓûàΓûàΓûåΓûåΓûç
Building GraphQL types ...
[2K[1A[2K[1A[2K[GΓûäΓûäΓûâΓûâΓûéΓûéΓûüΓûüΓûüΓûüΓûéΓûéΓûâΓûâΓûäΓûäΓûàΓûàΓûåΓûåΓûçΓûçΓûêΓûêΓûçΓûçΓûåΓûåΓûàΓûàΓûäΓûäΓûâΓûâΓûéΓûéΓûüΓûüΓûüΓûüΓûéΓûéΓûâΓûâΓûäΓûäΓûàΓûàΓûåΓûåΓûçΓûçΓûêΓûêΓûçΓûçΓûåΓûåΓûàΓûàΓûäΓûäΓûâΓûâΓûéΓûéΓûüΓûüΓûüΓûüΓûéΓûéΓûâΓûâΓûäΓûäΓûàΓûàΓûåΓûå
Building GraphQL types ...
[2K[1A[2K[1A[2K[GΓûàΓûäΓûäΓûâΓûâΓûéΓûéΓûüΓûüΓûüΓûüΓûéΓûéΓûâΓûâΓûäΓûäΓûàΓûàΓûåΓûåΓûçΓûçΓûêΓûêΓûçΓûçΓûåΓûåΓûàΓûàΓûäΓûäΓûâΓûâΓûéΓûéΓûüΓûüΓûüΓûüΓûéΓûéΓûâΓûâΓûäΓûäΓûàΓûàΓûåΓûåΓûçΓûçΓûêΓûêΓûçΓûçΓûåΓûåΓûàΓûàΓûäΓûäΓûâΓûâΓûéΓûéΓûüΓûüΓûüΓûüΓûéΓûéΓûâΓûâΓûäΓûäΓûàΓûàΓûå
Building GraphQL types ...
[2K[1A[2K[1A[2K[GΓûàΓûàΓûäΓûäΓûâΓûâΓûéΓûéΓûüΓûüΓûüΓûüΓûéΓûéΓûâΓûâΓûäΓûäΓûàΓûàΓûåΓûåΓûçΓûçΓûêΓûêΓûçΓûçΓûåΓûåΓûàΓûàΓûäΓûäΓûâΓûâΓûéΓûéΓûüΓûüΓûüΓûüΓûéΓûéΓûâΓûâΓûäΓûäΓûàΓûàΓûåΓûåΓûçΓûçΓûêΓûêΓûçΓûçΓûåΓûåΓûàΓûàΓûäΓûäΓûâΓûâΓûéΓûéΓûüΓûüΓûüΓûüΓûéΓûéΓûâΓûâΓûäΓûäΓûàΓûà
Building GraphQL types ...
[2K[1A[2K[1A[2K[GΓûåΓûàΓûàΓûäΓûäΓûâΓûâΓûéΓûéΓûüΓûüΓûüΓûüΓûéΓûéΓûâΓûâΓûäΓûäΓûàΓûàΓûåΓûåΓûçΓûçΓûêΓûêΓûçΓûçΓûåΓûåΓûàΓûàΓûäΓûäΓûâΓûâΓûéΓûéΓûüΓûüΓûüΓûüΓûéΓûéΓûâΓûâΓûäΓûäΓûàΓûàΓûåΓûåΓûçΓûçΓûêΓûêΓûçΓûçΓûåΓûåΓûàΓûàΓûäΓûäΓûâΓûâΓûéΓûéΓûüΓûüΓûüΓûüΓûéΓûéΓûâΓûâΓûäΓûäΓûà
Building GraphQL types ...
[2K[1A[2K[1A[2K[GΓûåΓûåΓûàΓûàΓûäΓûäΓûâΓûâΓûéΓûéΓûüΓûüΓûüΓûüΓûéΓûéΓûâΓûâΓûäΓûäΓûàΓûàΓûåΓûåΓûçΓûçΓûêΓûêΓûçΓûçΓûåΓûåΓûàΓûàΓûäΓûäΓûâΓûâΓûéΓûéΓûüΓûüΓûüΓûüΓûéΓûéΓûâΓûâΓûäΓûäΓûàΓûàΓûåΓûåΓûçΓûçΓûêΓûêΓûçΓûçΓûåΓûåΓûàΓûàΓûäΓûäΓûâΓûâΓûéΓûéΓûüΓûüΓûüΓûüΓûéΓûéΓûâΓûâΓûäΓûä
Building GraphQL types ...
[2K[1A[2K[1A[2K[GΓûçΓûåΓûåΓûàΓûàΓûäΓûäΓûâΓûâΓûéΓûéΓûüΓûüΓûüΓûüΓûéΓûéΓûâΓûâΓûäΓûäΓûàΓûàΓûåΓûåΓûçΓûçΓûêΓûêΓûçΓûçΓûåΓûåΓûàΓûàΓûäΓûäΓûâΓûâΓûéΓûéΓûüΓûüΓûüΓûüΓûéΓûéΓûâΓûâΓûäΓûäΓûàΓûàΓûåΓûåΓûçΓûçΓûêΓûêΓûçΓûçΓûåΓûåΓûàΓûàΓûäΓûäΓûâΓûâΓûéΓûéΓûüΓûüΓûüΓûüΓûéΓûéΓûâΓûâΓûä
Building GraphQL types ...
[2K[1A[2K[1A[2K[GΓûçΓûçΓûåΓûåΓûàΓûàΓûäΓûäΓûâΓûâΓûéΓûéΓûüΓûüΓûüΓûüΓûéΓûéΓûâΓûâΓûäΓûäΓûàΓûàΓûåΓûåΓûçΓûçΓûêΓûêΓûçΓûçΓûåΓûåΓûàΓûàΓûäΓûäΓûâΓûâΓûéΓûéΓûüΓûüΓûüΓûüΓûéΓûéΓûâΓûâΓûäΓûäΓûàΓûàΓûåΓûåΓûçΓûçΓûêΓûêΓûçΓûçΓûåΓûåΓûàΓûàΓûäΓûäΓûâΓûâΓûéΓûéΓûüΓûüΓûüΓûüΓûéΓûéΓûâΓûâ
Building GraphQL types ...
[2K[1A[2K[1A[2K[GΓûêΓûçΓûçΓûåΓûåΓûàΓûàΓûäΓûäΓûâΓûâΓûéΓûéΓûüΓûüΓûüΓûüΓûéΓûéΓûâΓûâΓûäΓûäΓûàΓûàΓûåΓûåΓûçΓûçΓûêΓûêΓûçΓûçΓûåΓûåΓûàΓûàΓûäΓûäΓûâΓûâΓûéΓûéΓûüΓûüΓûüΓûüΓûéΓûéΓûâΓûâΓûäΓûäΓûàΓûàΓûåΓûåΓûçΓûçΓûêΓûêΓûçΓûçΓûåΓûåΓûàΓûàΓûäΓûäΓûâΓûâΓûéΓûéΓûüΓûüΓûüΓûüΓûéΓûéΓûâ
Building GraphQL types ...
[2K[1A[2K[1A[2K[GΓûêΓûêΓûçΓûçΓûåΓûåΓûàΓûàΓûäΓûäΓûâΓûâΓûéΓûéΓûüΓûüΓûüΓûüΓûéΓûéΓûâΓûâΓûäΓûäΓûàΓûàΓûåΓûåΓûçΓûçΓûêΓûêΓûçΓûçΓûåΓûåΓûàΓûàΓûäΓûäΓûâΓûâΓûéΓûéΓûüΓûüΓûüΓûüΓûéΓûéΓûâΓûâΓûäΓûäΓûàΓûàΓûåΓûåΓûçΓûçΓûêΓûêΓûçΓûçΓûåΓûåΓûàΓûàΓûäΓûäΓûâΓûâΓûéΓûéΓûüΓûüΓûüΓûüΓûéΓûé
Building GraphQL types ...
[2K[1A[2K[1A[2K[GΓûçΓûêΓûêΓûçΓûçΓûåΓûåΓûàΓûàΓûäΓûäΓûâΓûâΓûéΓûéΓûüΓûüΓûüΓûüΓûéΓûéΓûâΓûâΓûäΓûäΓûàΓûàΓûåΓûåΓûçΓûçΓûêΓûêΓûçΓûçΓûåΓûåΓûàΓûàΓûäΓûäΓûâΓûâΓûéΓûéΓûüΓûüΓûüΓûüΓûéΓûéΓûâΓûâΓûäΓûäΓûàΓûàΓûåΓûåΓûçΓûçΓûêΓûêΓûçΓûçΓûåΓûåΓûàΓûàΓûäΓûäΓûâΓûâΓûéΓûéΓûüΓûüΓûüΓûüΓûé
Building GraphQL types ...
[2K[1A[2K[1A[2K[GΓûçΓûçΓûêΓûêΓûçΓûçΓûåΓûåΓûàΓûàΓûäΓûäΓûâΓûâΓûéΓûéΓûüΓûüΓûüΓûüΓûéΓûéΓûâΓûâΓûäΓûäΓûàΓûàΓûåΓûåΓûçΓûçΓûêΓûêΓûçΓûçΓûåΓûåΓûàΓûàΓûäΓûäΓûâΓûâΓûéΓûéΓûüΓûüΓûüΓûüΓûéΓûéΓûâΓûâΓûäΓûäΓûàΓûàΓûåΓûåΓûçΓûçΓûêΓûêΓûçΓûçΓûåΓûåΓûàΓûàΓûäΓûäΓûâΓûâΓûéΓûéΓûüΓûüΓûüΓûü
Building GraphQL types ...
[2K[1A[2K[1A[2K[GΓûåΓûçΓûçΓûêΓûêΓûçΓûçΓûåΓûåΓûàΓûàΓûäΓûäΓûâΓûâΓûéΓûéΓûüΓûüΓûüΓûüΓûéΓûéΓûâΓûâΓûäΓûäΓûàΓûàΓûåΓûåΓûçΓûçΓûêΓûêΓûçΓûçΓûåΓûåΓûàΓûàΓûäΓûäΓûâΓûâΓûéΓûéΓûüΓûüΓûüΓûüΓûéΓûéΓûâΓûâΓûäΓûäΓûàΓûàΓûåΓûåΓûçΓûçΓûêΓûêΓûçΓûçΓûåΓûåΓûàΓûàΓûäΓûäΓûâΓûâΓûéΓûéΓûüΓûüΓûü
Building GraphQL types ...
[2K[1A[2K[1A[2K[GΓûåΓûåΓûçΓûçΓûêΓûêΓûçΓûçΓûåΓûåΓûàΓûàΓûäΓûäΓûâΓûâΓûéΓûéΓûüΓûüΓûüΓûüΓûéΓûéΓûâΓûâΓûäΓûäΓûàΓûàΓûåΓûåΓûçΓûçΓûêΓûêΓûçΓûçΓûåΓûåΓûàΓûàΓûäΓûäΓûâΓûâΓûéΓûéΓûüΓûüΓûüΓûüΓûéΓûéΓûâΓûâΓûäΓûäΓûàΓûàΓûåΓûåΓûçΓûçΓûêΓûêΓûçΓûçΓûåΓûåΓûàΓûàΓûäΓûäΓûâΓûâΓûéΓûéΓûüΓûü
Building GraphQL types ...
[2K[1A[2K[1A[2K[GΓûàΓûåΓûåΓûçΓûçΓûêΓûêΓûçΓûçΓûåΓûåΓûàΓûàΓûäΓûäΓûâΓûâΓûéΓûéΓûüΓûüΓûüΓûüΓûéΓûéΓûâΓûâΓûäΓûäΓûàΓûàΓûåΓûåΓûçΓûçΓûêΓûêΓûçΓûçΓûåΓûåΓûàΓûàΓûäΓûäΓûâΓûâΓûéΓûéΓûüΓûüΓûüΓûüΓûéΓûéΓûâΓûâΓûäΓûäΓûàΓûàΓûåΓûåΓûçΓûçΓûêΓûêΓûçΓûçΓûåΓûåΓûàΓûàΓûäΓûäΓûâΓûâΓûéΓûéΓûü
Building GraphQL types ...
[2K[1A[2K[1A[2K[GΓûàΓûàΓûåΓûåΓûçΓûçΓûêΓûêΓûçΓûçΓûåΓûåΓûàΓûàΓûäΓûäΓûâΓûâΓûéΓûéΓûüΓûüΓûüΓûüΓûéΓûéΓûâΓûâΓûäΓûäΓûàΓûàΓûåΓûåΓûçΓûçΓûêΓûêΓûçΓûçΓûåΓûåΓûàΓûàΓûäΓûäΓûâΓûâΓûéΓûéΓûüΓûüΓûüΓûüΓûéΓûéΓûâΓûâΓûäΓûäΓûàΓûàΓûåΓûåΓûçΓûçΓûêΓûêΓûçΓûçΓûåΓûåΓûàΓûàΓûäΓûäΓûâΓûâΓûéΓûé
Building GraphQL types ...
[2K[1A[2K[1A[2K[GΓûäΓûàΓûàΓûåΓûåΓûçΓûçΓûêΓûêΓûçΓûçΓûåΓûåΓûàΓûàΓûäΓûäΓûâΓûâΓûéΓûéΓûüΓûüΓûüΓûüΓûéΓûéΓûâΓûâΓûäΓûäΓûàΓûàΓûåΓûåΓûçΓûçΓûêΓûêΓûçΓûçΓûåΓûåΓûàΓûàΓûäΓûäΓûâΓûâΓûéΓûéΓûüΓûüΓûüΓûüΓûéΓûéΓûâΓûâΓûäΓûäΓûàΓûàΓûåΓûåΓûçΓûçΓûêΓûêΓûçΓûçΓûåΓûåΓûàΓûàΓûäΓûäΓûâΓûâΓûé
Building GraphQL types ...
[2K[1A[2K[1A[2K[GΓûäΓûäΓûàΓûàΓûåΓûåΓûçΓûçΓûêΓûêΓûçΓûçΓûåΓûåΓûàΓûàΓûäΓûäΓûâΓûâΓûéΓûéΓûüΓûüΓûüΓûüΓûéΓûéΓûâΓûâΓûäΓûäΓûàΓûàΓûåΓûåΓûçΓûçΓûêΓûêΓûçΓûçΓûåΓûåΓûàΓûàΓûäΓûäΓûâΓûâΓûéΓûéΓûüΓûüΓûüΓûüΓûéΓûéΓûâΓûâΓûäΓûäΓûàΓûàΓûåΓûåΓûçΓûçΓûêΓûêΓûçΓûçΓûåΓûåΓûàΓûàΓûäΓûäΓûâΓûâ
Building GraphQL types ...
[2K[1A[2K[1A[2K[GΓûâΓûäΓûäΓûàΓûàΓûåΓûåΓûçΓûçΓûêΓûêΓûçΓûçΓûåΓûåΓûàΓûàΓûäΓûäΓûâΓûâΓûéΓûéΓûüΓûüΓûüΓûüΓûéΓûéΓûâΓûâΓûäΓûäΓûàΓûàΓûåΓûåΓûçΓûçΓûêΓûêΓûçΓûçΓûåΓûåΓûàΓûàΓûäΓûäΓûâΓûâΓûéΓûéΓûüΓûüΓûüΓûüΓûéΓûéΓûâΓûâΓûäΓûäΓûàΓûàΓûåΓûåΓûçΓûçΓûêΓûêΓûçΓûçΓûåΓûåΓûàΓûàΓûäΓûäΓûâ
Building GraphQL types ...
[2K[1A[2K[1A[2K[GΓûâΓûâΓûäΓûäΓûàΓûàΓûåΓûåΓûçΓûçΓûêΓûêΓûçΓûçΓûåΓûåΓûàΓûàΓûäΓûäΓûâΓûâΓûéΓûéΓûüΓûüΓûüΓûüΓûéΓûéΓûâΓûâΓûäΓûäΓûàΓûàΓûåΓûåΓûçΓûçΓûêΓûêΓûçΓûçΓûåΓûåΓûàΓûàΓûäΓûäΓûâΓûâΓûéΓûéΓûüΓûüΓûüΓûüΓûéΓûéΓûâΓûâΓûäΓûäΓûàΓûàΓûåΓûåΓûçΓûçΓûêΓûêΓûçΓûçΓûåΓûåΓûàΓûàΓûäΓûä
Building GraphQL types ...
[2K[1A[2K[1A[2K[GΓûéΓûâΓûâΓûäΓûäΓûàΓûàΓûåΓûåΓûçΓûçΓûêΓûêΓûçΓûçΓûåΓûåΓûàΓûàΓûäΓûäΓûâΓûâΓûéΓûéΓûüΓûüΓûüΓûüΓûéΓûéΓûâΓûâΓûäΓûäΓûàΓûàΓûåΓûåΓûçΓûçΓûêΓûêΓûçΓûçΓûåΓûåΓûàΓûàΓûäΓûäΓûâΓûâΓûéΓûéΓûüΓûüΓûüΓûüΓûéΓûéΓûâΓûâΓûäΓûäΓûàΓûàΓûåΓûåΓûçΓûçΓûêΓûêΓûçΓûçΓûåΓûåΓûàΓûàΓûä
Building GraphQL types ...
[2K[1A[2K[1A[2K[GΓûéΓûéΓûâΓûâΓûäΓûäΓûàΓûàΓûåΓûåΓûçΓûçΓûêΓûêΓûçΓûçΓûåΓûåΓûàΓûàΓûäΓûäΓûâΓûâΓûéΓûéΓûüΓûüΓûüΓûüΓûéΓûéΓûâΓûâΓûäΓûäΓûàΓûàΓûåΓûåΓûçΓûçΓûêΓûêΓûçΓûçΓûåΓûåΓûàΓûàΓûäΓûäΓûâΓûâΓûéΓûéΓûüΓûüΓûüΓûüΓûéΓûéΓûâΓûâΓûäΓûäΓûàΓûàΓûåΓûåΓûçΓûçΓûêΓûêΓûçΓûçΓûåΓûåΓûàΓûà
Building GraphQL types ...
[2K[1A[2K[1A[2K[GΓûüΓûéΓûéΓûâΓûâΓûäΓûäΓûàΓûàΓûåΓûåΓûçΓûçΓûêΓûêΓûçΓûçΓûåΓûåΓûàΓûàΓûäΓûäΓûâΓûâΓûéΓûéΓûüΓûüΓûüΓûüΓûéΓûéΓûâΓûâΓûäΓûäΓûàΓûàΓûåΓûåΓûçΓûçΓûêΓûêΓûçΓûçΓûåΓûåΓûàΓûàΓûäΓûäΓûâΓûâΓûéΓûéΓûüΓûüΓûüΓûüΓûéΓûéΓûâΓûâΓûäΓûäΓûàΓûàΓûåΓûåΓûçΓûçΓûêΓûêΓûçΓûçΓûåΓûåΓûà
Building GraphQL types ...
[2K[1A[2K[1A[2K[GΓûüΓûüΓûéΓûéΓûâΓûâΓûäΓûäΓûàΓûàΓûåΓûåΓûçΓûçΓûêΓûêΓûçΓûçΓûåΓûåΓûàΓûàΓûäΓûäΓûâΓûâΓûéΓûéΓûüΓûüΓûüΓûüΓûéΓûéΓûâΓûâΓûäΓûäΓûàΓûàΓûåΓûåΓûçΓûçΓûêΓûêΓûçΓûçΓûåΓûåΓûàΓûàΓûäΓûäΓûâΓûâΓûéΓûéΓûüΓûüΓûüΓûüΓûéΓûéΓûâΓûâΓûäΓûäΓûàΓûàΓûåΓûåΓûçΓûçΓûêΓûêΓûçΓûçΓûåΓûå
Building GraphQL types ...
[2K[1A[2K[1A[2K[GΓûüΓûüΓûüΓûéΓûéΓûâΓûâΓûäΓûäΓûàΓûàΓûåΓûåΓûçΓûçΓûêΓûêΓûçΓûçΓûåΓûåΓûàΓûàΓûäΓûäΓûâΓûâΓûéΓûéΓûüΓûüΓûüΓûüΓûéΓûéΓûâΓûâΓûäΓûäΓûàΓûàΓûåΓûåΓûçΓûçΓûêΓûêΓûçΓûçΓûåΓûåΓûàΓûàΓûäΓûäΓûâΓûâΓûéΓûéΓûüΓûüΓûüΓûüΓûéΓûéΓûâΓûâΓûäΓûäΓûàΓûàΓûåΓûåΓûçΓûçΓûêΓûêΓûçΓûçΓûå
Building GraphQL types ...
[2K[1A[2K[1A[2K[GΓûüΓûüΓûüΓûüΓûéΓûéΓûâΓûâΓûäΓûäΓûàΓûàΓûåΓûåΓûçΓûçΓûêΓûêΓûçΓûçΓûåΓûåΓûàΓûàΓûäΓûäΓûâΓûâΓûéΓûéΓûüΓûüΓûüΓûüΓûéΓûéΓûâΓûâΓûäΓûäΓûàΓûàΓûåΓûåΓûçΓûçΓûêΓûêΓûçΓûçΓûåΓûåΓûàΓûàΓûäΓûäΓûâΓûâΓûéΓûéΓûüΓûüΓûüΓûüΓûéΓûéΓûâΓûâΓûäΓûäΓûàΓûàΓûåΓûåΓûçΓûçΓûêΓûêΓûçΓûç
Building GraphQL types ...
[2K[1A[2K[1A[2K[GΓûéΓûüΓûüΓûüΓûüΓûéΓûéΓûâΓûâΓûäΓûäΓûàΓûàΓûåΓûåΓûçΓûçΓûêΓûêΓûçΓûçΓûåΓûåΓûàΓûàΓûäΓûäΓûâΓûâΓûéΓûéΓûüΓûüΓûüΓûüΓûéΓûéΓûâΓûâΓûäΓûäΓûàΓûàΓûåΓûåΓûçΓûçΓûêΓûêΓûçΓûçΓûåΓûåΓûàΓûàΓûäΓûäΓûâΓûâΓûéΓûéΓûüΓûüΓûüΓûüΓûéΓûéΓûâΓûâΓûäΓûäΓûàΓûàΓûåΓûåΓûçΓûçΓûêΓûêΓûç
Building GraphQL types ...
[2K[1A[2K[1A[2K[GΓûéΓûéΓûüΓûüΓûüΓûüΓûéΓûéΓûâΓûâΓûäΓûäΓûàΓûàΓûåΓûåΓûçΓûçΓûêΓûêΓûçΓûçΓûåΓûåΓûàΓûàΓûäΓûäΓûâΓûâΓûéΓûéΓûüΓûüΓûüΓûüΓûéΓûéΓûâΓûâΓûäΓûäΓûàΓûàΓûåΓûåΓûçΓûçΓûêΓûêΓûçΓûçΓûåΓûåΓûàΓûàΓûäΓûäΓûâΓûâΓûéΓûéΓûüΓûüΓûüΓûüΓûéΓûéΓûâΓûâΓûäΓûäΓûàΓûàΓûåΓûåΓûçΓûçΓûêΓûê
Building GraphQL types ...
[2K[1A[2K[1A[2K[GΓûâΓûéΓûéΓûüΓûüΓûüΓûüΓûéΓûéΓûâΓûâΓûäΓûäΓûàΓûàΓûåΓûåΓûçΓûçΓûêΓûêΓûçΓûçΓûåΓûåΓûàΓûàΓûäΓûäΓûâΓûâΓûéΓûéΓûüΓûüΓûüΓûüΓûéΓûéΓûâΓûâΓûäΓûäΓûàΓûàΓûåΓûåΓûçΓûçΓûêΓûêΓûçΓûçΓûåΓûåΓûàΓûàΓûäΓûäΓûâΓûâΓûéΓûéΓûüΓûüΓûüΓûüΓûéΓûéΓûâΓûâΓûäΓûäΓûàΓûàΓûåΓûåΓûçΓûçΓûê
Building GraphQL types ...
[2K[1A[2K[1A[2K[GΓûâΓûâΓûéΓûéΓûüΓûüΓûüΓûüΓûéΓûéΓûâΓûâΓûäΓûäΓûàΓûàΓûåΓûåΓûçΓûçΓûêΓûêΓûçΓûçΓûåΓûåΓûàΓûàΓûäΓûäΓûâΓûâΓûéΓûéΓûüΓûüΓûüΓûüΓûéΓûéΓûâΓûâΓûäΓûäΓûàΓûàΓûåΓûåΓûçΓûçΓûêΓûêΓûçΓûçΓûåΓûåΓûàΓûàΓûäΓûäΓûâΓûâΓûéΓûéΓûüΓûüΓûüΓûüΓûéΓûéΓûâΓûâΓûäΓûäΓûàΓûàΓûåΓûåΓûçΓûç
Building GraphQL types ...
[2K[1A[2K[1A[2K[GΓûäΓûâΓûâΓûéΓûéΓûüΓûüΓûüΓûüΓûéΓûéΓûâΓûâΓûäΓûäΓûàΓûàΓûåΓûåΓûçΓûçΓûêΓûêΓûçΓûçΓûåΓûåΓûàΓûàΓûäΓûäΓûâΓûâΓûéΓûéΓûüΓûüΓûüΓûüΓûéΓûéΓûâΓûâΓûäΓûäΓûàΓûàΓûåΓûåΓûçΓûçΓûêΓûêΓûçΓûçΓûåΓûåΓûàΓûàΓûäΓûäΓûâΓûâΓûéΓûéΓûüΓûüΓûüΓûüΓûéΓûéΓûâΓûâΓûäΓûäΓûàΓûàΓûåΓûåΓûç
Building GraphQL types ...
[2K[1A[2K[1A[2K[GΓûäΓûäΓûâΓûâΓûéΓûéΓûüΓûüΓûüΓûüΓûéΓûéΓûâΓûâΓûäΓûäΓûàΓûàΓûåΓûåΓûçΓûçΓûêΓûêΓûçΓûçΓûåΓûåΓûàΓûàΓûäΓûäΓûâΓûâΓûéΓûéΓûüΓûüΓûüΓûüΓûéΓûéΓûâΓûâΓûäΓûäΓûàΓûàΓûåΓûåΓûçΓûçΓûêΓûêΓûçΓûçΓûåΓûåΓûàΓûàΓûäΓûäΓûâΓûâΓûéΓûéΓûüΓûüΓûüΓûüΓûéΓûéΓûâΓûâΓûäΓûäΓûàΓûàΓûåΓûå
Building GraphQL types ...
[2K[1A[2K[1A[2K[GΓûàΓûäΓûäΓûâΓûâΓûéΓûéΓûüΓûüΓûüΓûüΓûéΓûéΓûâΓûâΓûäΓûäΓûàΓûàΓûåΓûåΓûçΓûçΓûêΓûêΓûçΓûçΓûåΓûåΓûàΓûàΓûäΓûäΓûâΓûâΓûéΓûéΓûüΓûüΓûüΓûüΓûéΓûéΓûâΓûâΓûäΓûäΓûàΓûàΓûåΓûåΓûçΓûçΓûêΓûêΓûçΓûçΓûåΓûåΓûàΓûàΓûäΓûäΓûâΓûâΓûéΓûéΓûüΓûüΓûüΓûüΓûéΓûéΓûâΓûâΓûäΓûäΓûàΓûàΓûå
Building GraphQL types ...
[2K[1A[2K[1A[2K[GΓûàΓûàΓûäΓûäΓûâΓûâΓûéΓûéΓûüΓûüΓûüΓûüΓûéΓûéΓûâΓûâΓûäΓûäΓûàΓûàΓûåΓûåΓûçΓûçΓûêΓûêΓûçΓûçΓûåΓûåΓûàΓûàΓûäΓûäΓûâΓûâΓûéΓûéΓûüΓûüΓûüΓûüΓûéΓûéΓûâΓûâΓûäΓûäΓûàΓûàΓûåΓûåΓûçΓûçΓûêΓûêΓûçΓûçΓûåΓûåΓûàΓûàΓûäΓûäΓûâΓûâΓûéΓûéΓûüΓûüΓûüΓûüΓûéΓûéΓûâΓûâΓûäΓûäΓûàΓûà
Building GraphQL types ...
[2K[1A[2K[1A[2K[GΓûåΓûàΓûàΓûäΓûäΓûâΓûâΓûéΓûéΓûüΓûüΓûüΓûüΓûéΓûéΓûâΓûâΓûäΓûäΓûàΓûàΓûåΓûåΓûçΓûçΓûêΓûêΓûçΓûçΓûåΓûåΓûàΓûàΓûäΓûäΓûâΓûâΓûéΓûéΓûüΓûüΓûüΓûüΓûéΓûéΓûâΓûâΓûäΓûäΓûàΓûàΓûåΓûåΓûçΓûçΓûêΓûêΓûçΓûçΓûåΓûåΓûàΓûàΓûäΓûäΓûâΓûâΓûéΓûéΓûüΓûüΓûüΓûüΓûéΓûéΓûâΓûâΓûäΓûäΓûà
Building GraphQL types ...
[2K[1A[2K[1A[2K[GΓûåΓûåΓûàΓûàΓûäΓûäΓûâΓûâΓûéΓûéΓûüΓûüΓûüΓûüΓûéΓûéΓûâΓûâΓûäΓûäΓûàΓûàΓûåΓûåΓûçΓûçΓûêΓûêΓûçΓûçΓûåΓûåΓûàΓûàΓûäΓûäΓûâΓûâΓûéΓûéΓûüΓûüΓûüΓûüΓûéΓûéΓûâΓûâΓûäΓûäΓûàΓûàΓûåΓûåΓûçΓûçΓûêΓûêΓûçΓûçΓûåΓûåΓûàΓûàΓûäΓûäΓûâΓûâΓûéΓûéΓûüΓûüΓûüΓûüΓûéΓûéΓûâΓûâΓûäΓûä
Building GraphQL types ...
[2K[1A[2K[1A[2K[GΓûçΓûåΓûåΓûàΓûàΓûäΓûäΓûâΓûâΓûéΓûéΓûüΓûüΓûüΓûüΓûéΓûéΓûâΓûâΓûäΓûäΓûàΓûàΓûåΓûåΓûçΓûçΓûêΓûêΓûçΓûçΓûåΓûåΓûàΓûàΓûäΓûäΓûâΓûâΓûéΓûéΓûüΓûüΓûüΓûüΓûéΓûéΓûâΓûâΓûäΓûäΓûàΓûàΓûåΓûåΓûçΓûçΓûêΓûêΓûçΓûçΓûåΓûåΓûàΓûàΓûäΓûäΓûâΓûâΓûéΓûéΓûüΓûüΓûüΓûüΓûéΓûéΓûâΓûâΓûä
Building GraphQL types ...
Error: 
        Config 
E:\practice\shopify\shop-test-app\extensions\smart-bundle-discount\package.json does not 
exist.

          $ graphql-codegen --config 
E:\practice\shopify\shop-test-app\extensions\smart-bundle-discount\package.json

        Please make sure the --config points to a correct file.
      
    at loadContext 
(E:\practice\shopify\shop-test-app\node_modules\@graphql-codegen\cli\cjs\config.js:93:19)
    at async createContext (E:\practice\shopify\shop-test-app\node_modules\@graphql-codeg
en\cli\cjs\config.js:194:21)
    at async runCli 
(E:\practice\shopify\shop-test-app\node_modules\@graphql-codegen\cli\cjs\cli.js:38:21)
[2K[1A[2K[1A[2K[GΓûçΓûçΓûåΓûåΓûàΓûàΓûäΓûäΓûâΓûâΓûéΓûéΓûüΓûüΓûüΓûüΓûéΓûéΓûâΓûâΓûäΓûäΓûàΓûàΓûåΓûåΓûçΓûçΓûêΓûêΓûçΓûçΓûåΓûåΓûàΓûàΓûäΓûäΓûâΓûâΓûéΓûéΓûüΓûüΓûüΓûüΓûéΓûéΓûâΓûâΓûäΓûäΓûàΓûàΓûåΓûåΓûçΓûçΓûêΓûêΓûçΓûçΓûåΓûåΓûàΓûàΓûäΓûäΓûâΓûâΓûéΓûéΓûüΓûüΓûüΓûüΓûéΓûéΓûâΓûâ
Building GraphQL types ...
[2K[1A[2K[1A[2K[GΓûêΓûçΓûçΓûåΓûåΓûàΓûàΓûäΓûäΓûâΓûâΓûéΓûéΓûüΓûüΓûüΓûüΓûéΓûéΓûâΓûâΓûäΓûäΓûàΓûàΓûåΓûåΓûçΓûçΓûêΓûêΓûçΓûçΓûåΓûåΓûàΓûàΓûäΓûäΓûâΓûâΓûéΓûéΓûüΓûüΓûüΓûüΓûéΓûéΓûâΓûâΓûäΓûäΓûàΓûàΓûåΓûåΓûçΓûçΓûêΓûêΓûçΓûçΓûåΓûåΓûàΓûàΓûäΓûäΓûâΓûâΓûéΓûéΓûüΓûüΓûüΓûüΓûéΓûéΓûâ
Building GraphQL types ...
Γò¡ΓöÇ error ΓöÇΓöÇΓöÇΓöÇΓöÇΓöÇΓöÇΓöÇΓöÇΓöÇΓöÇΓöÇΓöÇΓöÇΓöÇΓöÇΓöÇΓöÇΓöÇΓöÇΓöÇΓöÇΓöÇΓöÇΓöÇΓ
öÇΓöÇΓöÇΓöÇΓöÇΓöÇΓöÇΓöÇΓöÇΓöÇΓöÇΓöÇΓöÇΓöÇΓöÇΓöÇΓöÇΓöÇΓöÇΓöÇΓöÇΓöÇΓöÇΓöÇΓöÇΓöÇΓöÇΓöÇΓöÇΓöÇ
ΓöÇΓöÇΓöÇΓöÇΓöÇΓöÇΓöÇΓöÇΓöÇΓöÇΓöÇΓöÇΓöÇΓöÇΓöÇΓò«
Γöé                                                                              Γöé
Γöé  Failed to build function.                                                   Γöé
Γöé                                                                              Γöé
Γöé  Command failed with exit code 1: npm exec -- graphql-code-generator         Γöé
Γöé  --config package.json                                                       Γöé
Γöé  Error:                                                                      Γöé
Γöé          Config E:\practice\shopify\shop-test-app\extensions\smart-bundle-d  Γöé
Γöé  iscount\package.json does not exist.                                        Γöé
Γöé                                                                              Γöé
Γöé            $ graphql-codegen --config E:\practice\shopify\shop-test-app\ext  Γöé
Γöé  ensions\smart-bundle-discount\package.json                                  Γöé
Γöé                                                                              Γöé
Γöé          Please make sure the --config points to a correct file.             Γöé
Γöé                                                                              Γöé
Γöé      at loadContext (E:\practice\shopify\shop-test-app\node_modules\@graphq  Γöé
Γöé  l-codegen\cli\cjs\config.js:93:19)                                          Γöé
Γöé      at async createContext (E:\practice\shopify\shop-test-app\node_modules  Γöé
Γöé  \@graphql-codegen\cli\cjs\config.js:194:21)                                 Γöé
Γöé      at async runCli (E:\practice\shopify\shop-test-app\node_modules\@graph  Γöé
Γöé  ql-codegen\cli\cjs\cli.js:38:21)                                            Γöé
Γöé                                                                              Γöé
Γò░ΓöÇΓöÇΓöÇΓöÇΓöÇΓöÇΓöÇΓöÇΓöÇΓöÇΓöÇΓöÇΓöÇΓöÇΓöÇΓöÇΓöÇΓöÇΓöÇΓöÇΓöÇΓöÇΓöÇΓöÇΓöÇΓöÇΓöÇΓöÇΓö
ÇΓöÇΓöÇΓöÇΓöÇΓöÇΓöÇΓöÇΓöÇΓöÇΓöÇΓöÇΓöÇΓöÇΓöÇΓöÇΓöÇΓöÇΓöÇΓöÇΓöÇΓöÇΓöÇΓöÇΓöÇΓöÇΓöÇΓöÇΓöÇΓöÇΓ
öÇΓöÇΓöÇΓöÇΓöÇΓöÇΓöÇΓöÇΓöÇΓöÇΓöÇΓöÇΓöÇΓöÇΓöÇΓöÇΓöÇΓöÇΓöÇΓöÇΓò»

2026-04-18T16:59:42.695Z: Running system process:
  ┬╖ Command: npm prefix
  ┬╖ Working directory: E:/practice/shopify/shop-test-app

2026-04-18T16:59:43.281Z: Obtaining the dependency manager in directory 
E:\practice\shopify\shop-test-app...
2026-04-18T16:59:43.289Z: Getting current session ID...
2026-04-18T16:59:43.293Z: Getting current session ID...
2026-04-18T16:59:43.801Z: Request to https://monorail-edge.shopifysvc.com/v1/produce 
completed in 501 ms
With response headers:
 - x-request-id: 9487232c-4075-4d97-ba37-335e9ac3d091
    
2026-04-18T16:59:43.804Z: Analytics event sent: {
  "command": "app function build",
  "time_start": 1776531572954,
  "time_end": 1776531582613,
  "total_time": 9659,
  "success": false,
  "cli_version": "3.93.2",
  "ruby_version": "",
  "node_version": "24.14.1",
  "is_employee": false,
  "uname": "windows amd64",
  "env_ci": false,
  "env_plugin_installed_any_custom": false,
  "env_plugin_installed_shopify": "[\"@shopify/cli\"]",
  "env_shell": "cmd.exe",
  "env_device_id": "2aa99124e125b4caba988402c8a1041e26ac11a7",
  "env_cloud": "localhost",
  "env_package_manager": "npm",
  "env_is_global": true,
  "env_auth_method": "device_auth",
  "env_is_wsl": false,
  "env_build_repository": "Shopify/cli",
  "cmd_app_warning_api_key_deprecation_displayed": false,
  "cmd_app_all_configs_any": true,
  "cmd_app_all_configs_clients": "{\"shopify.app.smart-bundle-ai.toml\":\"2fedbcb4655520a
6d905f397e36b8ce9\",\"shopify.app.toml\":\"d7c9a7d0b0f8fa0a9c504c960f37dc85\"}",
  "cmd_app_linked_config_used": true,
  "cmd_app_linked_config_name": "shopify.app.smart-bundle-ai.toml",
  "cmd_app_linked_config_git_tracked": true,
  "cmd_app_linked_config_source": "cached",
  "cmd_app_linked_config_uses_cli_managed_urls": true,
  "project_type": "node",
  "app_extensions_any": true,
  "app_extensions_breakdown": "{\"function\":1}",
  "app_extensions_count": 1,
  "app_extensions_custom_layout": false,
  "app_extensions_function_any": true,
  "app_extensions_function_count": 1,
  "app_extensions_theme_any": false,
  "app_extensions_theme_count": 0,
  "app_extensions_ui_any": false,
  "app_extensions_ui_count": 0,
  "app_name_hash": "080a2656ad2de92f9beaf1b29b7eadaa8a784130",
  "app_path_hash": "ff15c68777b43ec595b90b7640e0dda625e3c4f5",
  "app_scopes": 
"[\"write_metaobject_definitions\",\"write_metaobjects\",\"write_products\"]",
  "app_web_backend_any": true,
  "app_web_backend_count": 1,
  "app_web_custom_layout": true,
  "app_web_framework": "unknown",
  "app_web_frontend_any": true,
  "app_web_frontend_count": 1,
  "env_package_manager_workspaces": true,
  "cmd_all_timing_network_ms": 8294,
  "cmd_all_timing_prompts_ms": 0,
  "cmd_all_launcher": "unknown",
  "cmd_all_topic": "app function",
  "cmd_all_plugin": "@shopify/app",
  "cmd_all_verbose": true,
  "cmd_all_path_override": true,
  "cmd_all_path_override_hash": "ff15c68777b43ec595b90b7640e0dda625e3c4f5",
  "cmd_all_timing_active_ms": 1364,
  "cmd_all_exit": "expected_error",
  "user_id": "cabea8b6-0acc-49a6-b803-37f15fd95f34",
  "request_ids": [],
  "args": "--verbose",
  "error_message": "Failed to build function.",
  "app_name": "Smart Bundle AI",
  "env_plugin_installed_all": "[\"@shopify/cli\"]",
  "env_shopify_variables": "{}",
  "metadata": "{\"extraPublic\":{},\"extraSensitive\":{}}"
}
2026-04-18T16:59:43.827Z: Getting current session ID...
2026-04-18T16:59:43.828Z: Reporting handled error to Bugsnag: Failed to build function.
2026-04-18T16:59:43.909Z: Running system process:
  ┬╖ Command: npm prefix
  ┬╖ Working directory: E:/practice/shopify/shop-test-app

2026-04-18T16:59:44.491Z: Obtaining the dependency manager in directory 
E:\practice\shopify\shop-test-app...
2026-04-18T16:59:44.492Z: Getting current session ID...
